Archive member included to satisfy reference by file (symbol)

/home/nealjack/git/signpost/software/kernel/tock/userland/newlib/libc.a(lib_a-calloc.o)
                              /home/nealjack/git/signpost/software/apps/mbedtls_ecdh/build/cortex-m4/ecp.o (calloc)
/home/nealjack/git/signpost/software/kernel/tock/userland/newlib/libc.a(lib_a-impure.o)
                              /home/nealjack/git/signpost/software/kernel/tock/userland/newlib/libc.a(lib_a-calloc.o) (_impure_ptr)
/home/nealjack/git/signpost/software/kernel/tock/userland/newlib/libc.a(lib_a-malloc.o)
                              /home/nealjack/git/signpost/software/apps/mbedtls_ecdh/build/cortex-m4/ecp.o (free)
/home/nealjack/git/signpost/software/kernel/tock/userland/newlib/libc.a(lib_a-memcpy.o)
                              /home/nealjack/git/signpost/software/apps/mbedtls_ecdh/build/cortex-m4/ecp_curves.o (memcpy)
/home/nealjack/git/signpost/software/kernel/tock/userland/newlib/libc.a(lib_a-memset.o)
                              /home/nealjack/git/signpost/software/apps/mbedtls_ecdh/build/cortex-m4/main.o (memset)
/home/nealjack/git/signpost/software/kernel/tock/userland/newlib/libc.a(lib_a-nano-callocr.o)
                              /home/nealjack/git/signpost/software/kernel/tock/userland/newlib/libc.a(lib_a-calloc.o) (_calloc_r)
/home/nealjack/git/signpost/software/kernel/tock/userland/newlib/libc.a(lib_a-nano-freer.o)
                              /home/nealjack/git/signpost/software/kernel/tock/userland/newlib/libc.a(lib_a-malloc.o) (_free_r)
/home/nealjack/git/signpost/software/kernel/tock/userland/newlib/libc.a(lib_a-nano-mallocr.o)
                              /home/nealjack/git/signpost/software/kernel/tock/userland/newlib/libc.a(lib_a-malloc.o) (_malloc_r)
/home/nealjack/git/signpost/software/kernel/tock/userland/newlib/libc.a(lib_a-printf.o)
                              /home/nealjack/git/signpost/software/apps/mbedtls_ecdh/build/cortex-m4/main.o (printf)
/home/nealjack/git/signpost/software/kernel/tock/userland/newlib/libc.a(lib_a-putchar.o)
                              /home/nealjack/git/signpost/software/apps/mbedtls_ecdh/build/cortex-m4/main.o (putchar)
/home/nealjack/git/signpost/software/kernel/tock/userland/newlib/libc.a(lib_a-putc.o)
                              /home/nealjack/git/signpost/software/kernel/tock/userland/newlib/libc.a(lib_a-putchar.o) (_putc_r)
/home/nealjack/git/signpost/software/kernel/tock/userland/newlib/libc.a(lib_a-puts.o)
                              /home/nealjack/git/signpost/software/apps/mbedtls_ecdh/build/cortex-m4/main.o (puts)
/home/nealjack/git/signpost/software/kernel/tock/userland/newlib/libc.a(lib_a-rand.o)
                              /home/nealjack/git/signpost/software/apps/mbedtls_ecdh/build/cortex-m4/main.o (srand)
/home/nealjack/git/signpost/software/kernel/tock/userland/newlib/libc.a(lib_a-sbrkr.o)
                              /home/nealjack/git/signpost/software/kernel/tock/userland/newlib/libc.a(lib_a-nano-mallocr.o) (_sbrk_r)
/home/nealjack/git/signpost/software/kernel/tock/userland/newlib/libc.a(lib_a-strcmp.o)
                              /home/nealjack/git/signpost/software/apps/mbedtls_ecdh/build/cortex-m4/ecp.o (strcmp)
/home/nealjack/git/signpost/software/kernel/tock/userland/newlib/libc.a(lib_a-strlen.o)
                              /home/nealjack/git/signpost/software/apps/mbedtls_ecdh/build/cortex-m4/bignum.o (strlen)
/home/nealjack/git/signpost/software/kernel/tock/userland/newlib/libc.a(lib_a-wbuf.o)
                              /home/nealjack/git/signpost/software/kernel/tock/userland/newlib/libc.a(lib_a-putc.o) (__swbuf_r)
/home/nealjack/git/signpost/software/kernel/tock/userland/newlib/libc.a(lib_a-wsetup.o)
                              /home/nealjack/git/signpost/software/kernel/tock/userland/newlib/libc.a(lib_a-puts.o) (__swsetup_r)
/home/nealjack/git/signpost/software/kernel/tock/userland/newlib/libc.a(lib_a-fflush.o)
                              /home/nealjack/git/signpost/software/kernel/tock/userland/newlib/libc.a(lib_a-wbuf.o) (_fflush_r)
/home/nealjack/git/signpost/software/kernel/tock/userland/newlib/libc.a(lib_a-findfp.o)
                              /home/nealjack/git/signpost/software/kernel/tock/userland/newlib/libc.a(lib_a-printf.o) (__sinit)
/home/nealjack/git/signpost/software/kernel/tock/userland/newlib/libc.a(lib_a-fwalk.o)
                              /home/nealjack/git/signpost/software/kernel/tock/userland/newlib/libc.a(lib_a-findfp.o) (_fwalk)
/home/nealjack/git/signpost/software/kernel/tock/userland/newlib/libc.a(lib_a-makebuf.o)
                              /home/nealjack/git/signpost/software/kernel/tock/userland/newlib/libc.a(lib_a-wsetup.o) (__smakebuf_r)
/home/nealjack/git/signpost/software/kernel/tock/userland/newlib/libc.a(lib_a-nano-vfprintf.o)
                              /home/nealjack/git/signpost/software/kernel/tock/userland/newlib/libc.a(lib_a-printf.o) (_vfprintf_r)
[...]
Memory Configuration

Name             Origin             Length             Attributes
FLASH            0x0000000080000000 0x0000000000080000 xr
SRAM             0x0000000000000000 0x0000000000008000 xrw
*default*        0x0000000000000000 0xffffffffffffffff

Linker script and memory map

LOAD /home/nealjack/git/signpost/software/apps/mbedtls_ecdh/build/cortex-m4/main.o
LOAD /home/nealjack/git/signpost/software/apps/mbedtls_ecdh/build/cortex-m4/ecdh.o
LOAD /home/nealjack/git/signpost/software/apps/mbedtls_ecdh/build/cortex-m4/ecp.o
LOAD /home/nealjack/git/signpost/software/apps/mbedtls_ecdh/build/cortex-m4/ecp_curves.o
LOAD /home/nealjack/git/signpost/software/apps/mbedtls_ecdh/build/cortex-m4/bignum.o
LOAD /home/nealjack/git/signpost/software/apps/libs//build/cortex-m4/libs.a
START GROUP
LOAD /home/nealjack/git/signpost/software/kernel/tock/userland/newlib/libc.a
LOAD /home/nealjack/git/signpost/software/kernel/tock/userland/newlib/libm.a
LOAD /home/nealjack/git/signpost/software/kernel/tock/userland/libtock/build/cortex-m4/libtock.a
LOAD /home/nealjack/git/signpost/software/kernel/tock/userland/libc++/libstdc++.a
LOAD /home/nealjack/git/signpost/software/kernel/tock/userland/libc++/libsupc++.a
LOAD /home/nealjack/git/signpost/software/kernel/tock/userland/libc++/libgcc.a
END GROUP

.load_info
 *(.load_info)

.text           0x0000000080000000     0x5a27
                0x0000000080000000                _text = .
 *(.start)
 .start         0x0000000080000000       0x18 /home/nealjack/git/signpost/software/kernel/tock/userland/libtock/build/cortex-m4/libtock.a(crt1.o)
                0x0000000080000000                _start
 *(.text*)
 .text.pseudorandom
                0x0000000080000018       0x18 /home/nealjack/git/signpost/software/apps/mbedtls_ecdh/build/cortex-m4/main.o
                0x0000000080000018                pseudorandom
 .text.startup.main
                0x0000000080000030      0x230 /home/nealjack/git/signpost/software/apps/mbedtls_ecdh/build/cortex-m4/main.o
                0x0000000080000030                main
 .text.mbedtls_ecdh_gen_public
                0x0000000080000260        0x4 /home/nealjack/git/signpost/software/apps/mbedtls_ecdh/build/cortex-m4/ecdh.o
                0x0000000080000260                mbedtls_ecdh_gen_public
 .text.mbedtls_ecdh_compute_shared
                0x0000000080000264       0x64 /home/nealjack/git/signpost/software/apps/mbedtls_ecdh/build/cortex-m4/ecdh.o
                0x0000000080000264                mbedtls_ecdh_compute_shared
 .text.mbedtls_ecdh_init
                0x00000000800002c8        0xa /home/nealjack/git/signpost/software/apps/mbedtls_ecdh/build/cortex-m4/ecdh.o
                0x00000000800002c8                mbedtls_ecdh_init
 .text.mbedtls_ecdh_free
                0x00000000800002d2       0x48 /home/nealjack/git/signpost/software/apps/mbedtls_ecdh/build/cortex-m4/ecdh.o
                0x00000000800002d2                mbedtls_ecdh_free
 *fill*         0x000000008000031a        0x2 ff
 .text.mbedtls_ecdh_make_params
                0x000000008000031c       0x68 /home/nealjack/git/signpost/software/apps/mbedtls_ecdh/build/cortex-m4/ecdh.o
                0x000000008000031c                mbedtls_ecdh_make_params
 .text.mbedtls_ecdh_read_params
                0x0000000080000384       0x28 /home/nealjack/git/signpost/software/apps/mbedtls_ecdh/build/cortex-m4/ecdh.o
                0x0000000080000384                mbedtls_ecdh_read_params
 .text.mbedtls_ecdh_make_public
                0x00000000800003ac       0x50 /home/nealjack/git/signpost/software/apps/mbedtls_ecdh/build/cortex-m4/ecdh.o
                0x00000000800003ac                mbedtls_ecdh_make_public
 .text.mbedtls_ecdh_read_public
                0x00000000800003fc       0x2c /home/nealjack/git/signpost/software/apps/mbedtls_ecdh/build/cortex-m4/ecdh.o
                0x00000000800003fc                mbedtls_ecdh_read_public
 .text.mbedtls_ecdh_calc_secret
                0x0000000080000428       0x60 /home/nealjack/git/signpost/software/apps/mbedtls_ecdh/build/cortex-m4/ecdh.o
                0x0000000080000428                mbedtls_ecdh_calc_secret
 .text.ecp_get_type
                0x0000000080000488       0x14 /home/nealjack/git/signpost/software/apps/mbedtls_ecdh/build/cortex-m4/ecp.o
 .text.ecp_safe_invert_jac
                0x000000008000049c       0x4a /home/nealjack/git/signpost/software/apps/mbedtls_ecdh/build/cortex-m4/ecp.o
 *fill*         0x00000000800004e6        0x2 ff
 .text.ecp_modp
                0x00000000800004e8       0x84 /home/nealjack/git/signpost/software/apps/mbedtls_ecdh/build/cortex-m4/ecp.o
 .text.ecp_double_jac
                0x000000008000056c      0x520 /home/nealjack/git/signpost/software/apps/mbedtls_ecdh/build/cortex-m4/ecp.o
 .text.ecp_normalize_jac
                0x0000000080000a8c       0xec /home/nealjack/git/signpost/software/apps/mbedtls_ecdh/build/cortex-m4/ecp.o
 .text.ecp_normalize_jac_many
                0x0000000080000b78      0x258 /home/nealjack/git/signpost/software/apps/mbedtls_ecdh/build/cortex-m4/ecp.o
 .text.ecp_select_comb
                0x0000000080000dd0       0x68 /home/nealjack/git/signpost/software/apps/mbedtls_ecdh/build/cortex-m4/ecp.o
 .text.mbedtls_ecp_curve_list
                0x0000000080000e38       0x14 /home/nealjack/git/signpost/software/apps/mbedtls_ecdh/build/cortex-m4/ecp.o
                0x0000000080000e38                mbedtls_ecp_curve_list
 .text.mbedtls_ecp_curve_info_from_grp_id
                0x0000000080000e4c       0x18 /home/nealjack/git/signpost/software/apps/mbedtls_ecdh/build/cortex-m4/ecp.o
                0x0000000080000e4c                mbedtls_ecp_curve_info_from_grp_id
 .text.mbedtls_ecp_curve_info_from_tls_id
                0x0000000080000e64       0x1a /home/nealjack/git/signpost/software/apps/mbedtls_ecdh/build/cortex-m4/ecp.o
                0x0000000080000e64                mbedtls_ecp_curve_info_from_tls_id
 .text.mbedtls_ecp_point_init
                0x0000000080000e7e       0x20 /home/nealjack/git/signpost/software/apps/mbedtls_ecdh/build/cortex-m4/ecp.o
                0x0000000080000e7e                mbedtls_ecp_point_init
 .text.mbedtls_ecp_point_free
                0x0000000080000e9e       0x20 /home/nealjack/git/signpost/software/apps/mbedtls_ecdh/build/cortex-m4/ecp.o
                0x0000000080000e9e                mbedtls_ecp_point_free
 .text.mbedtls_ecp_group_free
                0x0000000080000ebe       0x64 /home/nealjack/git/signpost/software/apps/mbedtls_ecdh/build/cortex-m4/ecp.o
                0x0000000080000ebe                mbedtls_ecp_group_free
 .text.mbedtls_ecp_copy
                0x0000000080000f22       0x2c /home/nealjack/git/signpost/software/apps/mbedtls_ecdh/build/cortex-m4/ecp.o
                0x0000000080000f22                mbedtls_ecp_copy
 .text.mbedtls_ecp_set_zero
                0x0000000080000f4e       0x28 /home/nealjack/git/signpost/software/apps/mbedtls_ecdh/build/cortex-m4/ecp.o
                0x0000000080000f4e                mbedtls_ecp_set_zero
 *fill*         0x0000000080000f76        0x2 ff
 .text.ecp_add_mixed
                0x0000000080000f78      0x474 /home/nealjack/git/signpost/software/apps/mbedtls_ecdh/build/cortex-m4/ecp.o
 .text.ecp_mul_comb
                0x00000000800013ec      0x4cc /home/nealjack/git/signpost/software/apps/mbedtls_ecdh/build/cortex-m4/ecp.o
 .text.mbedtls_ecp_is_zero
                0x00000000800018b8       0x12 /home/nealjack/git/signpost/software/apps/mbedtls_ecdh/build/cortex-m4/ecp.o
                0x00000000800018b8                mbedtls_ecp_is_zero
 *fill*         0x00000000800018ca        0x2 ff
 .text.mbedtls_ecp_point_write_binary
                0x00000000800018cc       0xa4 /home/nealjack/git/signpost/software/apps/mbedtls_ecdh/build/cortex-m4/ecp.o
                0x00000000800018cc                mbedtls_ecp_point_write_binary
 .text.mbedtls_ecp_point_read_binary
                0x0000000080001970       0x6c /home/nealjack/git/signpost/software/apps/mbedtls_ecdh/build/cortex-m4/ecp.o
                0x0000000080001970                mbedtls_ecp_point_read_binary
 .text.mbedtls_ecp_tls_read_point
                0x00000000800019dc       0x30 /home/nealjack/git/signpost/software/apps/mbedtls_ecdh/build/cortex-m4/ecp.o
                0x00000000800019dc                mbedtls_ecp_tls_read_point
 .text.mbedtls_ecp_tls_write_point
                0x0000000080001a0c       0x30 /home/nealjack/git/signpost/software/apps/mbedtls_ecdh/build/cortex-m4/ecp.o
                0x0000000080001a0c                mbedtls_ecp_tls_write_point
 .text.mbedtls_ecp_tls_read_group
                0x0000000080001a3c       0x48 /home/nealjack/git/signpost/software/apps/mbedtls_ecdh/build/cortex-m4/ecp.o
                0x0000000080001a3c                mbedtls_ecp_tls_read_group
 .text.mbedtls_ecp_tls_write_group
                0x0000000080001a84       0x38 /home/nealjack/git/signpost/software/apps/mbedtls_ecdh/build/cortex-m4/ecp.o
                0x0000000080001a84                mbedtls_ecp_tls_write_group
 .text.mbedtls_ecp_check_pubkey
                0x0000000080001abc      0x1ac /home/nealjack/git/signpost/software/apps/mbedtls_ecdh/build/cortex-m4/ecp.o
                0x0000000080001abc                mbedtls_ecp_check_pubkey
 .text.mbedtls_ecp_check_privkey
                0x0000000080001c68       0x3c /home/nealjack/git/signpost/software/apps/mbedtls_ecdh/build/cortex-m4/ecp.o
                0x0000000080001c68                mbedtls_ecp_check_privkey
 .text.mbedtls_ecp_mul
                0x0000000080001ca4       0x64 /home/nealjack/git/signpost/software/apps/mbedtls_ecdh/build/cortex-m4/ecp.o
                0x0000000080001ca4                mbedtls_ecp_mul
 .text.mbedtls_ecp_gen_keypair_base
                0x0000000080001d08       0x94 /home/nealjack/git/signpost/software/apps/mbedtls_ecdh/build/cortex-m4/ecp.o
                0x0000000080001d08                mbedtls_ecp_gen_keypair_base
 .text.mbedtls_ecp_gen_keypair
                0x0000000080001d9c       0x18 /home/nealjack/git/signpost/software/apps/mbedtls_ecdh/build/cortex-m4/ecp.o
                0x0000000080001d9c                mbedtls_ecp_gen_keypair
 .text.add64    0x0000000080001db4       0x36 /home/nealjack/git/signpost/software/apps/mbedtls_ecdh/build/cortex-m4/ecp_curves.o
 .text.add32    0x0000000080001dea       0x14 /home/nealjack/git/signpost/software/apps/mbedtls_ecdh/build/cortex-m4/ecp_curves.o
 .text.sub32    0x0000000080001dfe       0x16 /home/nealjack/git/signpost/software/apps/mbedtls_ecdh/build/cortex-m4/ecp_curves.o
 .text.ecp_mod_p521
                0x0000000080001e14       0x62 /home/nealjack/git/signpost/software/apps/mbedtls_ecdh/build/cortex-m4/ecp_curves.o
 .text.fix_negative.isra.0
                0x0000000080001e76       0x28 /home/nealjack/git/signpost/software/apps/mbedtls_ecdh/build/cortex-m4/ecp_curves.o
 .text.ecp_mod_p384
                0x0000000080001e9e      0x554 /home/nealjack/git/signpost/software/apps/mbedtls_ecdh/build/cortex-m4/ecp_curves.o
 .text.ecp_mod_p256
                0x00000000800023f2      0x428 /home/nealjack/git/signpost/software/apps/mbedtls_ecdh/build/cortex-m4/ecp_curves.o
 .text.ecp_mod_p192
                0x000000008000281a       0xd6 /home/nealjack/git/signpost/software/apps/mbedtls_ecdh/build/cortex-m4/ecp_curves.o
 .text.mbedtls_ecp_group_load
                0x00000000800028f0      0x1c8 /home/nealjack/git/signpost/software/apps/mbedtls_ecdh/build/cortex-m4/ecp_curves.o
                0x00000000800028f0                mbedtls_ecp_group_load
 .text.mpi_sub_hlp
                0x0000000080002ab8       0x54 /home/nealjack/git/signpost/software/apps/mbedtls_ecdh/build/cortex-m4/bignum.o
 .text.mpi_mul_hlp
                0x0000000080002b0c      0x2da /home/nealjack/git/signpost/software/apps/mbedtls_ecdh/build/cortex-m4/bignum.o
 .text.mbedtls_mpi_init
                0x0000000080002de6        0xe /home/nealjack/git/signpost/software/apps/mbedtls_ecdh/build/cortex-m4/bignum.o
                0x0000000080002de6                mbedtls_mpi_init
 .text.mbedtls_mpi_free
                0x0000000080002df4       0x2c /home/nealjack/git/signpost/software/apps/mbedtls_ecdh/build/cortex-m4/bignum.o
                0x0000000080002df4                mbedtls_mpi_free
 .text.mbedtls_mpi_grow
                0x0000000080002e20       0x5a /home/nealjack/git/signpost/software/apps/mbedtls_ecdh/build/cortex-m4/bignum.o
                0x0000000080002e20                mbedtls_mpi_grow
 .text.mbedtls_mpi_shrink
                0x0000000080002e7a       0x78 /home/nealjack/git/signpost/software/apps/mbedtls_ecdh/build/cortex-m4/bignum.o
                0x0000000080002e7a                mbedtls_mpi_shrink
 .text.mbedtls_mpi_copy
                0x0000000080002ef2       0x54 /home/nealjack/git/signpost/software/apps/mbedtls_ecdh/build/cortex-m4/bignum.o
                0x0000000080002ef2                mbedtls_mpi_copy
 .text.mbedtls_mpi_safe_cond_assign
                0x0000000080002f46       0x6c /home/nealjack/git/signpost/software/apps/mbedtls_ecdh/build/cortex-m4/bignum.o
                0x0000000080002f46                mbedtls_mpi_safe_cond_assign
 .text.mbedtls_mpi_lset
                0x0000000080002fb2       0x38 /home/nealjack/git/signpost/software/apps/mbedtls_ecdh/build/cortex-m4/bignum.o
                0x0000000080002fb2                mbedtls_mpi_lset
 .text.mbedtls_mpi_get_bit
                0x0000000080002fea       0x22 /home/nealjack/git/signpost/software/apps/mbedtls_ecdh/build/cortex-m4/bignum.o
                0x0000000080002fea                mbedtls_mpi_get_bit
 .text.mbedtls_mpi_lsb
                0x000000008000300c       0x32 /home/nealjack/git/signpost/software/apps/mbedtls_ecdh/build/cortex-m4/bignum.o
                0x000000008000300c                mbedtls_mpi_lsb
 .text.mbedtls_mpi_bitlen
                0x000000008000303e       0x40 /home/nealjack/git/signpost/software/apps/mbedtls_ecdh/build/cortex-m4/bignum.o
                0x000000008000303e                mbedtls_mpi_bitlen
 .text.mbedtls_mpi_size
                0x000000008000307e        0xc /home/nealjack/git/signpost/software/apps/mbedtls_ecdh/build/cortex-m4/bignum.o
                0x000000008000307e                mbedtls_mpi_size
 .text.mbedtls_mpi_read_binary
                0x000000008000308a       0x70 /home/nealjack/git/signpost/software/apps/mbedtls_ecdh/build/cortex-m4/bignum.o
                0x000000008000308a                mbedtls_mpi_read_binary
 .text.mbedtls_mpi_write_binary
                0x00000000800030fa       0x46 /home/nealjack/git/signpost/software/apps/mbedtls_ecdh/build/cortex-m4/bignum.o
                0x00000000800030fa                mbedtls_mpi_write_binary
 .text.mbedtls_mpi_shift_l
                0x0000000080003140       0x9c /home/nealjack/git/signpost/software/apps/mbedtls_ecdh/build/cortex-m4/bignum.o
                0x0000000080003140                mbedtls_mpi_shift_l
 .text.mbedtls_mpi_shift_r
                0x00000000800031dc       0x7e /home/nealjack/git/signpost/software/apps/mbedtls_ecdh/build/cortex-m4/bignum.o
                0x00000000800031dc                mbedtls_mpi_shift_r
 .text.mbedtls_mpi_cmp_abs
                0x000000008000325a       0x6e /home/nealjack/git/signpost/software/apps/mbedtls_ecdh/build/cortex-m4/bignum.o
                0x000000008000325a                mbedtls_mpi_cmp_abs
 .text.mbedtls_mpi_cmp_mpi
                0x00000000800032c8       0x8a /home/nealjack/git/signpost/software/apps/mbedtls_ecdh/build/cortex-m4/bignum.o
                0x00000000800032c8                mbedtls_mpi_cmp_mpi
 .text.mbedtls_mpi_cmp_int
                0x0000000080003352       0x2c /home/nealjack/git/signpost/software/apps/mbedtls_ecdh/build/cortex-m4/bignum.o
                0x0000000080003352                mbedtls_mpi_cmp_int
 .text.mbedtls_mpi_add_abs
                0x000000008000337e       0xb4 /home/nealjack/git/signpost/software/apps/mbedtls_ecdh/build/cortex-m4/bignum.o
                0x000000008000337e                mbedtls_mpi_add_abs
 .text.mbedtls_mpi_sub_abs
                0x0000000080003432       0x7e /home/nealjack/git/signpost/software/apps/mbedtls_ecdh/build/cortex-m4/bignum.o
                0x0000000080003432                mbedtls_mpi_sub_abs
 .text.mbedtls_mpi_add_mpi
                0x00000000800034b0       0x42 /home/nealjack/git/signpost/software/apps/mbedtls_ecdh/build/cortex-m4/bignum.o
                0x00000000800034b0                mbedtls_mpi_add_mpi
 .text.mbedtls_mpi_sub_mpi
                0x00000000800034f2       0x44 /home/nealjack/git/signpost/software/apps/mbedtls_ecdh/build/cortex-m4/bignum.o
                0x00000000800034f2                mbedtls_mpi_sub_mpi
 .text.mbedtls_mpi_sub_int
                0x0000000080003536       0x2c /home/nealjack/git/signpost/software/apps/mbedtls_ecdh/build/cortex-m4/bignum.o
                0x0000000080003536                mbedtls_mpi_sub_int
 .text.mbedtls_mpi_mul_mpi
                0x0000000080003562       0xe8 /home/nealjack/git/signpost/software/apps/mbedtls_ecdh/build/cortex-m4/bignum.o
                0x0000000080003562                mbedtls_mpi_mul_mpi
 .text.mbedtls_mpi_mul_int
                0x000000008000364a       0x1a /home/nealjack/git/signpost/software/apps/mbedtls_ecdh/build/cortex-m4/bignum.o
                0x000000008000364a                mbedtls_mpi_mul_int
 .text.mbedtls_mpi_div_mpi
                0x0000000080003664      0x392 /home/nealjack/git/signpost/software/apps/mbedtls_ecdh/build/cortex-m4/bignum.o
                0x0000000080003664                mbedtls_mpi_div_mpi
 .text.mbedtls_mpi_mod_mpi
                0x00000000800039f6       0x60 /home/nealjack/git/signpost/software/apps/mbedtls_ecdh/build/cortex-m4/bignum.o
                0x00000000800039f6                mbedtls_mpi_mod_mpi
 .text.mbedtls_mpi_gcd
                0x0000000080003a56      0x114 /home/nealjack/git/signpost/software/apps/mbedtls_ecdh/build/cortex-m4/bignum.o
                0x0000000080003a56                mbedtls_mpi_gcd
 .text.mbedtls_mpi_fill_random
                0x0000000080003b6a       0x32 /home/nealjack/git/signpost/software/apps/mbedtls_ecdh/build/cortex-m4/bignum.o
                0x0000000080003b6a                mbedtls_mpi_fill_random
 .text.mbedtls_mpi_inv_mod
                0x0000000080003b9c      0x2e2 /home/nealjack/git/signpost/software/apps/mbedtls_ecdh/build/cortex-m4/bignum.o
                0x0000000080003b9c                mbedtls_mpi_inv_mod
 *fill*         0x0000000080003e7e        0x2 ff
 .text.calloc   0x0000000080003e80       0x14 /home/nealjack/git/signpost/software/kernel/tock/userland/newlib/libc.a(lib_a-calloc.o)
                0x0000000080003e80                calloc
 .text.malloc   0x0000000080003e94       0x14 /home/nealjack/git/signpost/software/kernel/tock/userland/newlib/libc.a(lib_a-malloc.o)
                0x0000000080003e94                malloc
 .text.free     0x0000000080003ea8       0x14 /home/nealjack/git/signpost/software/kernel/tock/userland/newlib/libc.a(lib_a-malloc.o)
                0x0000000080003ea8                free
 .text.memcpy   0x0000000080003ebc       0x16 /home/nealjack/git/signpost/software/kernel/tock/userland/newlib/libc.a(lib_a-memcpy.o)
                0x0000000080003ebc                memcpy
 .text.memset   0x0000000080003ed2       0x10 /home/nealjack/git/signpost/software/kernel/tock/userland/newlib/libc.a(lib_a-memset.o)
                0x0000000080003ed2                memset
 .text._calloc_r
                0x0000000080003ee2       0x1c /home/nealjack/git/signpost/software/kernel/tock/userland/newlib/libc.a(lib_a-nano-callocr.o)
                0x0000000080003ee2                _calloc_r
 *fill*         0x0000000080003efe        0x2 ff
 .text._free_r  0x0000000080003f00       0x90 /home/nealjack/git/signpost/software/kernel/tock/userland/newlib/libc.a(lib_a-nano-freer.o)
                0x0000000080003f00                _free_r
 .text._malloc_r
                0x0000000080003f90       0xb0 /home/nealjack/git/signpost/software/kernel/tock/userland/newlib/libc.a(lib_a-nano-mallocr.o)
                0x0000000080003f90                _malloc_r
 .text.printf   0x0000000080004040       0x34 /home/nealjack/git/signpost/software/kernel/tock/userland/newlib/libc.a(lib_a-printf.o)
                0x0000000080004040                printf
                0x0000000080004040                iprintf
 .text.putchar  0x0000000080004074       0x2c /home/nealjack/git/signpost/software/kernel/tock/userland/newlib/libc.a(lib_a-putchar.o)
                0x0000000080004074                putchar
 .text._putc_r  0x00000000800040a0       0x84 /home/nealjack/git/signpost/software/kernel/tock/userland/newlib/libc.a(lib_a-putc.o)
                0x00000000800040a0                _putc_r
 .text._puts_r  0x0000000080004124       0xbc /home/nealjack/git/signpost/software/kernel/tock/userland/newlib/libc.a(lib_a-puts.o)
                0x0000000080004124                _puts_r
 .text.puts     0x00000000800041e0       0x14 /home/nealjack/git/signpost/software/kernel/tock/userland/newlib/libc.a(lib_a-puts.o)
                0x00000000800041e0                puts
 .text.srand    0x00000000800041f4       0x54 /home/nealjack/git/signpost/software/kernel/tock/userland/newlib/libc.a(lib_a-rand.o)
                0x00000000800041f4                srand
 .text.rand     0x0000000080004248       0x78 /home/nealjack/git/signpost/software/kernel/tock/userland/newlib/libc.a(lib_a-rand.o)
                0x0000000080004248                rand
 .text._sbrk_r  0x00000000800042c0       0x24 /home/nealjack/git/signpost/software/kernel/tock/userland/newlib/libc.a(lib_a-sbrkr.o)
                0x00000000800042c0                _sbrk_r
 .text.__swbuf_r
                0x00000000800042e4       0xb4 /home/nealjack/git/signpost/software/kernel/tock/userland/newlib/libc.a(lib_a-wbuf.o)
                0x00000000800042e4                __swbuf_r
 .text.__swsetup_r
                0x0000000080004398       0xe8 /home/nealjack/git/signpost/software/kernel/tock/userland/newlib/libc.a(lib_a-wsetup.o)
                0x0000000080004398                __swsetup_r
 .text.__sflush_r
                0x0000000080004480      0x110 /home/nealjack/git/signpost/software/kernel/tock/userland/newlib/libc.a(lib_a-fflush.o)
                0x0000000080004480                __sflush_r
 .text._fflush_r
                0x0000000080004590       0x60 /home/nealjack/git/signpost/software/kernel/tock/userland/newlib/libc.a(lib_a-fflush.o)
                0x0000000080004590                _fflush_r
 .text._cleanup_r
                0x00000000800045f0       0x18 /home/nealjack/git/signpost/software/kernel/tock/userland/newlib/libc.a(lib_a-findfp.o)
                0x00000000800045f0                _cleanup_r
 .text.std.isra.0
                0x0000000080004608       0x58 /home/nealjack/git/signpost/software/kernel/tock/userland/newlib/libc.a(lib_a-findfp.o)
 .text.__sfmoreglue
                0x0000000080004660       0x2c /home/nealjack/git/signpost/software/kernel/tock/userland/newlib/libc.a(lib_a-findfp.o)
                0x0000000080004660                __sfmoreglue
 .text.__sfp_lock_acquire
                0x000000008000468c        0x2 /home/nealjack/git/signpost/software/kernel/tock/userland/newlib/libc.a(lib_a-findfp.o)
                0x000000008000468c                __sfp_lock_acquire
 .text.__sfp_lock_release
                0x000000008000468e        0x2 /home/nealjack/git/signpost/software/kernel/tock/userland/newlib/libc.a(lib_a-findfp.o)
                0x000000008000468e                __sfp_lock_release
 .text.__sinit_lock_acquire
                0x0000000080004690        0x2 /home/nealjack/git/signpost/software/kernel/tock/userland/newlib/libc.a(lib_a-findfp.o)
                0x0000000080004690                __sinit_lock_acquire
 .text.__sinit_lock_release
                0x0000000080004692        0x2 /home/nealjack/git/signpost/software/kernel/tock/userland/newlib/libc.a(lib_a-findfp.o)
                0x0000000080004692                __sinit_lock_release
 .text.__sinit  0x0000000080004694       0x74 /home/nealjack/git/signpost/software/kernel/tock/userland/newlib/libc.a(lib_a-findfp.o)
                0x0000000080004694                __sinit
 .text.__sfp    0x0000000080004708       0x88 /home/nealjack/git/signpost/software/kernel/tock/userland/newlib/libc.a(lib_a-findfp.o)
                0x0000000080004708                __sfp
 .text._fwalk_reent
                0x0000000080004790       0x3c /home/nealjack/git/signpost/software/kernel/tock/userland/newlib/libc.a(lib_a-fwalk.o)
                0x0000000080004790                _fwalk_reent
 .text.__smakebuf_r
                0x00000000800047cc       0xa0 /home/nealjack/git/signpost/software/kernel/tock/userland/newlib/libc.a(lib_a-makebuf.o)
                0x00000000800047cc                __smakebuf_r
 .text.__sfputc_r
                0x000000008000486c       0x2c /home/nealjack/git/signpost/software/kernel/tock/userland/newlib/libc.a(lib_a-nano-vfprintf.o)
 .text.__sfputs_r
                0x0000000080004898       0x24 /home/nealjack/git/signpost/software/kernel/tock/userland/newlib/libc.a(lib_a-nano-vfprintf.o)
                0x0000000080004898                __sfputs_r
 .text._vfprintf_r
                0x00000000800048bc      0x268 /home/nealjack/git/signpost/software/kernel/tock/userland/newlib/libc.a(lib_a-nano-vfprintf.o)
                0x00000000800048bc                _vfiprintf_r
                0x00000000800048bc                _vfprintf_r
 .text.__sread  0x0000000080004b24       0x22 /home/nealjack/git/signpost/software/kernel/tock/userland/newlib/libc.a(lib_a-stdio.o)
                0x0000000080004b24                __sread
 .text.__swrite
                0x0000000080004b46       0x38 /home/nealjack/git/signpost/software/kernel/tock/userland/newlib/libc.a(lib_a-stdio.o)
                0x0000000080004b46                __swrite
 .text.__sseek  0x0000000080004b7e       0x24 /home/nealjack/git/signpost/software/kernel/tock/userland/newlib/libc.a(lib_a-stdio.o)
                0x0000000080004b7e                __sseek
 .text.__sclose
                0x0000000080004ba2        0x8 /home/nealjack/git/signpost/software/kernel/tock/userland/newlib/libc.a(lib_a-stdio.o)
                0x0000000080004ba2                __sclose
 *fill*         0x0000000080004baa        0x2 ff
 .text._write_r
                0x0000000080004bac       0x28 /home/nealjack/git/signpost/software/kernel/tock/userland/newlib/libc.a(lib_a-writer.o)
                0x0000000080004bac                _write_r
 .text._close_r
                0x0000000080004bd4       0x24 /home/nealjack/git/signpost/software/kernel/tock/userland/newlib/libc.a(lib_a-closer.o)
                0x0000000080004bd4                _close_r
 .text._fstat_r
                0x0000000080004bf8       0x28 /home/nealjack/git/signpost/software/kernel/tock/userland/newlib/libc.a(lib_a-fstatr.o)
                0x0000000080004bf8                _fstat_r
 .text._isatty_r
                0x0000000080004c20       0x24 /home/nealjack/git/signpost/software/kernel/tock/userland/newlib/libc.a(lib_a-isattyr.o)
                0x0000000080004c20                _isatty_r
 .text._lseek_r
                0x0000000080004c44       0x28 /home/nealjack/git/signpost/software/kernel/tock/userland/newlib/libc.a(lib_a-lseekr.o)
                0x0000000080004c44                _lseek_r
 .text.memchr   0x0000000080004c6c       0x1e /home/nealjack/git/signpost/software/kernel/tock/userland/newlib/libc.a(lib_a-memchr.o)
                0x0000000080004c6c                memchr
 .text._printf_common
                0x0000000080004c8a       0xec /home/nealjack/git/signpost/software/kernel/tock/userland/newlib/libc.a(lib_a-nano-vfprintf_i.o)
                0x0000000080004c8a                _printf_common
 *fill*         0x0000000080004d76        0x2 ff
 .text._printf_i
                0x0000000080004d78      0x258 /home/nealjack/git/signpost/software/kernel/tock/userland/newlib/libc.a(lib_a-nano-vfprintf_i.o)
                0x0000000080004d78                _printf_i
 .text._read_r  0x0000000080004fd0       0x28 /home/nealjack/git/signpost/software/kernel/tock/userland/newlib/libc.a(lib_a-readr.o)
                0x0000000080004fd0                _read_r
 .text.yield    0x0000000080004ff8        0x6 /home/nealjack/git/signpost/software/kernel/tock/userland/libtock/build/cortex-m4/libtock.a(tock.o)
                0x0000000080004ff8                yield
 .text.yield_for
                0x0000000080004ffe       0x10 /home/nealjack/git/signpost/software/kernel/tock/userland/libtock/build/cortex-m4/libtock.a(tock.o)
                0x0000000080004ffe                yield_for
 .text.subscribe
                0x000000008000500e        0x4 /home/nealjack/git/signpost/software/kernel/tock/userland/libtock/build/cortex-m4/libtock.a(tock.o)
                0x000000008000500e                subscribe
 .text.command  0x0000000080005012        0x4 /home/nealjack/git/signpost/software/kernel/tock/userland/libtock/build/cortex-m4/libtock.a(tock.o)
                0x0000000080005012                command
 .text.allow    0x0000000080005016        0x4 /home/nealjack/git/signpost/software/kernel/tock/userland/libtock/build/cortex-m4/libtock.a(tock.o)
                0x0000000080005016                allow
 .text.memop    0x000000008000501a        0x4 /home/nealjack/git/signpost/software/kernel/tock/userland/libtock/build/cortex-m4/libtock.a(tock.o)
                0x000000008000501a                memop
 .text.gpio_enable_output
                0x000000008000501e        0xa /home/nealjack/git/signpost/software/kernel/tock/userland/libtock/build/cortex-m4/libtock.a(gpio.o)
                0x000000008000501e                gpio_enable_output
 .text.gpio_clear
                0x0000000080005028        0xa /home/nealjack/git/signpost/software/kernel/tock/userland/libtock/build/cortex-m4/libtock.a(gpio.o)
                0x0000000080005028                gpio_clear
 .text._isatty  0x0000000080005032        0x8 /home/nealjack/git/signpost/software/kernel/tock/userland/libtock/build/cortex-m4/libtock.a(sys.o)
                0x0000000080005032                _isatty
 .text._write   0x000000008000503a       0x10 /home/nealjack/git/signpost/software/kernel/tock/userland/libtock/build/cortex-m4/libtock.a(sys.o)
                0x000000008000503a                _write
 .text._close   0x000000008000504a        0x6 /home/nealjack/git/signpost/software/kernel/tock/userland/libtock/build/cortex-m4/libtock.a(sys.o)
                0x000000008000504a                _close
 .text._fstat   0x0000000080005050        0xa /home/nealjack/git/signpost/software/kernel/tock/userland/libtock/build/cortex-m4/libtock.a(sys.o)
                0x0000000080005050                _fstat
 .text._lseek   0x000000008000505a        0x4 /home/nealjack/git/signpost/software/kernel/tock/userland/libtock/build/cortex-m4/libtock.a(sys.o)
                0x000000008000505a                _lseek
 .text._read    0x000000008000505e        0x4 /home/nealjack/git/signpost/software/kernel/tock/userland/libtock/build/cortex-m4/libtock.a(sys.o)
                0x000000008000505e                _read
 .text._sbrk    0x0000000080005062        0x8 /home/nealjack/git/signpost/software/kernel/tock/userland/libtock/build/cortex-m4/libtock.a(sys.o)
                0x0000000080005062                _sbrk
 .text.delay_cb
                0x000000008000506a        0x6 /home/nealjack/git/signpost/software/kernel/tock/userland/libtock/build/cortex-m4/libtock.a(timer.o)
 .text.timer_subscribe
                0x0000000080005070        0xc /home/nealjack/git/signpost/software/kernel/tock/userland/libtock/build/cortex-m4/libtock.a(timer.o)
                0x0000000080005070                timer_subscribe
 .text.timer_oneshot
                0x000000008000507c        0xa /home/nealjack/git/signpost/software/kernel/tock/userland/libtock/build/cortex-m4/libtock.a(timer.o)
                0x000000008000507c                timer_oneshot
 *fill*         0x0000000080005086        0x2 ff
 .text.delay_ms
                0x0000000080005088       0x34 /home/nealjack/git/signpost/software/kernel/tock/userland/libtock/build/cortex-m4/libtock.a(timer.o)
                0x0000000080005088                delay_ms
 .text.putnstr_async
                0x00000000800050bc       0x22 /home/nealjack/git/signpost/software/kernel/tock/userland/libtock/build/cortex-m4/libtock.a(console.o)
                0x00000000800050bc                putnstr_async
 *fill*         0x00000000800050de        0x2 ff
 .text.putnstr  0x00000000800050e0       0x7c /home/nealjack/git/signpost/software/kernel/tock/userland/libtock/build/cortex-m4/libtock.a(console.o)
                0x00000000800050e0                putnstr
 .text.putstr_cb
                0x000000008000515c       0x40 /home/nealjack/git/signpost/software/kernel/tock/userland/libtock/build/cortex-m4/libtock.a(console.o)
 .text          0x000000008000519c       0x40 /home/nealjack/git/signpost/software/kernel/tock/userland/libc++/libgcc.a(_aeabi_uldivmod.o)
                0x000000008000519c                __aeabi_uldivmod
 .text.__udivmoddi4
                0x00000000800051dc       0xe2 /home/nealjack/git/signpost/software/kernel/tock/userland/libc++/libgcc.a(_udivmoddi4.o)
                0x00000000800051dc                __udivmoddi4
 *fill*         0x00000000800052be        0x2 ff
 .text          0x00000000800052c0        0x4 /home/nealjack/git/signpost/software/kernel/tock/userland/libc++/libgcc.a(_dvmd_tls.o)
                0x00000000800052c0                __aeabi_ldiv0
                0x00000000800052c0                __aeabi_idiv0
 .text          0x00000000800052c4       0x18 /home/nealjack/git/signpost/software/kernel/tock/userland/libc++/libgcc.a(_lshrdi3.o)
                0x00000000800052c4                __aeabi_llsr
                0x00000000800052c4                __lshrdi3
 .text          0x00000000800052dc       0x18 /home/nealjack/git/signpost/software/kernel/tock/userland/libc++/libgcc.a(_ashldi3.o)
                0x00000000800052dc                __ashldi3
                0x00000000800052dc                __aeabi_llsl
 .text          0x00000000800052f4       0x18 /home/nealjack/git/signpost/software/kernel/tock/userland/libc++/libgcc.a(_clzdi2.o)
                0x00000000800052f4                __clzdi2
 .text          0x000000008000530c       0x3c /home/nealjack/git/signpost/software/kernel/tock/userland/libc++/libgcc.a(_clzsi2.o)
                0x000000008000530c                __clzsi2
 .text.strncpy  0x0000000080005348       0x26 /home/nealjack/git/signpost/software/kernel/tock/userland/newlib/libc.a(lib_a-strncpy.o)
                0x0000000080005348                strncpy
 *(.rodata*)
 .rodata.str1.1
                0x000000008000536e       0xd8 /home/nealjack/git/signpost/software/apps/mbedtls_ecdh/build/cortex-m4/main.o
 .rodata.str1.1
                0x0000000080005446      0x1eb /home/nealjack/git/signpost/software/apps/mbedtls_ecdh/build/cortex-m4/ecp.o
 *fill*         0x0000000080005631        0x3 ff
 .rodata.secp192r1_p
                0x0000000080005634       0x18 /home/nealjack/git/signpost/software/apps/mbedtls_ecdh/build/cortex-m4/ecp_curves.o
 .rodata.secp192r1_gy
                0x000000008000564c       0x18 /home/nealjack/git/signpost/software/apps/mbedtls_ecdh/build/cortex-m4/ecp_curves.o
 .rodata.secp256r1_n
                0x0000000080005664       0x20 /home/nealjack/git/signpost/software/apps/mbedtls_ecdh/build/cortex-m4/ecp_curves.o
 .rodata.secp384r1_n
                0x0000000080005684       0x30 /home/nealjack/git/signpost/software/apps/mbedtls_ecdh/build/cortex-m4/ecp_curves.o
 .rodata.secp384r1_p
                0x00000000800056b4       0x30 /home/nealjack/git/signpost/software/apps/mbedtls_ecdh/build/cortex-m4/ecp_curves.o
 .rodata.secp521r1_gx
                0x00000000800056e4       0x44 /home/nealjack/git/signpost/software/apps/mbedtls_ecdh/build/cortex-m4/ecp_curves.o
 .rodata.secp384r1_gx
                0x0000000080005728       0x30 /home/nealjack/git/signpost/software/apps/mbedtls_ecdh/build/cortex-m4/ecp_curves.o
 .rodata.secp384r1_gy
                0x0000000080005758       0x30 /home/nealjack/git/signpost/software/apps/mbedtls_ecdh/build/cortex-m4/ecp_curves.o
 .rodata.secp521r1_b
                0x0000000080005788       0x44 /home/nealjack/git/signpost/software/apps/mbedtls_ecdh/build/cortex-m4/ecp_curves.o
 .rodata.secp256r1_b
                0x00000000800057cc       0x20 /home/nealjack/git/signpost/software/apps/mbedtls_ecdh/build/cortex-m4/ecp_curves.o
 .rodata.secp521r1_gy
                0x00000000800057ec       0x44 /home/nealjack/git/signpost/software/apps/mbedtls_ecdh/build/cortex-m4/ecp_curves.o
 .rodata.secp192r1_b
                0x0000000080005830       0x18 /home/nealjack/git/signpost/software/apps/mbedtls_ecdh/build/cortex-m4/ecp_curves.o
 .rodata.secp256r1_gy
                0x0000000080005848       0x20 /home/nealjack/git/signpost/software/apps/mbedtls_ecdh/build/cortex-m4/ecp_curves.o
 .rodata.secp521r1_n
                0x0000000080005868       0x44 /home/nealjack/git/signpost/software/apps/mbedtls_ecdh/build/cortex-m4/ecp_curves.o
 .rodata.secp384r1_b
                0x00000000800058ac       0x30 /home/nealjack/git/signpost/software/apps/mbedtls_ecdh/build/cortex-m4/ecp_curves.o
 .rodata.secp521r1_p
                0x00000000800058dc       0x44 /home/nealjack/git/signpost/software/apps/mbedtls_ecdh/build/cortex-m4/ecp_curves.o
 .rodata.secp256r1_gx
                0x0000000080005920       0x20 /home/nealjack/git/signpost/software/apps/mbedtls_ecdh/build/cortex-m4/ecp_curves.o
 .rodata.secp256r1_p
                0x0000000080005940       0x20 /home/nealjack/git/signpost/software/apps/mbedtls_ecdh/build/cortex-m4/ecp_curves.o
 .rodata.secp192r1_n
                0x0000000080005960       0x18 /home/nealjack/git/signpost/software/apps/mbedtls_ecdh/build/cortex-m4/ecp_curves.o
 .rodata.secp192r1_gx
                0x0000000080005978       0x18 /home/nealjack/git/signpost/software/apps/mbedtls_ecdh/build/cortex-m4/ecp_curves.o
 .rodata.str1.1
                0x0000000080005990        0x2 /home/nealjack/git/signpost/software/kernel/tock/userland/newlib/libc.a(lib_a-impure.o)
 *fill*         0x0000000080005992        0x2 ff
 .rodata.__sf_fake_stdin
                0x0000000080005994       0x20 /home/nealjack/git/signpost/software/kernel/tock/userland/newlib/libc.a(lib_a-findfp.o)
                0x0000000080005994                __sf_fake_stdin
 .rodata.__sf_fake_stdout
                0x00000000800059b4       0x20 /home/nealjack/git/signpost/software/kernel/tock/userland/newlib/libc.a(lib_a-findfp.o)
                0x00000000800059b4                __sf_fake_stdout
 .rodata.__sf_fake_stderr
                0x00000000800059d4       0x20 /home/nealjack/git/signpost/software/kernel/tock/userland/newlib/libc.a(lib_a-findfp.o)
                0x00000000800059d4                __sf_fake_stderr
 .rodata.str1.1
                0x00000000800059f4       0x11 /home/nealjack/git/signpost/software/kernel/tock/userland/newlib/libc.a(lib_a-nano-vfprintf.o)
 .rodata.str1.1
                0x0000000080005a05       0x22 /home/nealjack/git/signpost/software/kernel/tock/userland/newlib/libc.a(lib_a-nano-vfprintf_i.o)
 *(.syscalls)
                0x0000000080005a27                _etext = .
                [!provide]                        PROVIDE (__exidx_start, .)

.glue_7         0x0000000080005a28        0x0
 .glue_7        0x0000000080005a28        0x0 linker stubs

.glue_7t        0x0000000080005a28        0x0
 .glue_7t       0x0000000080005a28        0x0 linker stubs

.vfp11_veneer   0x0000000080005a28        0x0
 .vfp11_veneer  0x0000000080005a28        0x0 linker stubs

.v4_bx          0x0000000080005a28        0x0
 .v4_bx         0x0000000080005a28        0x0 linker stubs

.iplt           0x0000000080005a28        0x0
 .iplt          0x0000000080005a28        0x0 /home/nealjack/git/signpost/software/apps/mbedtls_ecdh/build/cortex-m4/main.o

.ARM.exidx      0x0000000080005a28        0x8
 *(.ARM.exidx* .gnu.linkonce.armexidx.*)
 .ARM.exidx.text.__udivmoddi4
                0x0000000080005a28        0x8 /home/nealjack/git/signpost/software/kernel/tock/userland/libc++/libgcc.a(_udivmoddi4.o)
                [!provide]                        PROVIDE (__exidx_end, .)

.rel.dyn        0x0000000080005a30        0x0
 .rel.iplt      0x0000000080005a30        0x0 /home/nealjack/git/signpost/software/apps/mbedtls_ecdh/build/cortex-m4/main.o
 .rel.got       0x0000000080005a30        0x0 /home/nealjack/git/signpost/software/apps/mbedtls_ecdh/build/cortex-m4/main.o

.got            0x0000000000000000      0x124 load address 0x0000000080005a30
                0x0000000000000000                _got = .
 *(.got*)
 .got           0x0000000000000000      0x118 /home/nealjack/git/signpost/software/apps/mbedtls_ecdh/build/cortex-m4/main.o
 .got.plt       0x0000000000000118        0xc /home/nealjack/git/signpost/software/apps/mbedtls_ecdh/build/cortex-m4/main.o
                0x0000000000000118                _GLOBAL_OFFSET_TABLE_
                0x0000000000000124                _egot = .
                0x0000000000000124                _plt = .
 *(.got.plt*)
                0x0000000000000124                _eplt = .

.data           0x0000000000000124       0xc0 load address 0x0000000080005b54
                0x0000000000000124                _data = .
 *(.data*)
 .data          0x0000000000000124        0x0 /home/nealjack/git/signpost/software/apps/mbedtls_ecdh/build/cortex-m4/main.o
 .data          0x0000000000000124        0x0 /home/nealjack/git/signpost/software/apps/mbedtls_ecdh/build/cortex-m4/ecdh.o
 .data          0x0000000000000124       0x18 /home/nealjack/git/signpost/software/apps/mbedtls_ecdh/build/cortex-m4/ecp.o
 .data.rel.ro.local.ecp_supported_curves
                0x000000000000013c       0x3c /home/nealjack/git/signpost/software/apps/mbedtls_ecdh/build/cortex-m4/ecp.o
 .data          0x0000000000000178        0x0 /home/nealjack/git/signpost/software/apps/mbedtls_ecdh/build/cortex-m4/ecp_curves.o
 .data.one.4958
                0x0000000000000178        0x4 /home/nealjack/git/signpost/software/apps/mbedtls_ecdh/build/cortex-m4/ecp_curves.o
 .data          0x000000000000017c        0x0 /home/nealjack/git/signpost/software/apps/mbedtls_ecdh/build/cortex-m4/bignum.o
 .data          0x000000000000017c        0x0 /home/nealjack/git/signpost/software/kernel/tock/userland/newlib/libc.a(lib_a-calloc.o)
 .data          0x000000000000017c        0x0 /home/nealjack/git/signpost/software/kernel/tock/userland/newlib/libc.a(lib_a-impure.o)
 .data.rel.local._impure_ptr
                0x000000000000017c        0x4 /home/nealjack/git/signpost/software/kernel/tock/userland/newlib/libc.a(lib_a-impure.o)
                0x000000000000017c                _impure_ptr
 .data.rel.impure_data
                0x0000000000000180       0x60 /home/nealjack/git/signpost/software/kernel/tock/userland/newlib/libc.a(lib_a-impure.o)
 .data.rel.ro.local._global_impure_ptr
                0x00000000000001e0        0x4 /home/nealjack/git/signpost/software/kernel/tock/userland/newlib/libc.a(lib_a-impure.o)
                0x00000000000001e0                _global_impure_ptr
 .data          0x00000000000001e4        0x0 /home/nealjack/git/signpost/software/kernel/tock/userland/newlib/libc.a(lib_a-malloc.o)
 .data          0x00000000000001e4        0x0 /home/nealjack/git/signpost/software/kernel/tock/userland/newlib/libc.a(lib_a-memcpy.o)
 .data          0x00000000000001e4        0x0 /home/nealjack/git/signpost/software/kernel/tock/userland/newlib/libc.a(lib_a-memset.o)
 .data          0x00000000000001e4        0x0 /home/nealjack/git/signpost/software/kernel/tock/userland/newlib/libc.a(lib_a-nano-callocr.o)
 .data          0x00000000000001e4        0x0 /home/nealjack/git/signpost/software/kernel/tock/userland/newlib/libc.a(lib_a-nano-freer.o)
 .data          0x00000000000001e4        0x0 /home/nealjack/git/signpost/software/kernel/tock/userland/newlib/libc.a(lib_a-nano-mallocr.o)
 .data          0x00000000000001e4        0x0 /home/nealjack/git/signpost/software/kernel/tock/userland/newlib/libc.a(lib_a-printf.o)
 .data          0x00000000000001e4        0x0 /home/nealjack/git/signpost/software/kernel/tock/userland/newlib/libc.a(lib_a-putchar.o)
 .data          0x00000000000001e4        0x0 /home/nealjack/git/signpost/software/kernel/tock/userland/newlib/libc.a(lib_a-putc.o)
 .data          0x00000000000001e4        0x0 /home/nealjack/git/signpost/software/kernel/tock/userland/newlib/libc.a(lib_a-puts.o)
 .data          0x00000000000001e4        0x0 /home/nealjack/git/signpost/software/kernel/tock/userland/newlib/libc.a(lib_a-rand.o)
 .data          0x00000000000001e4        0x0 /home/nealjack/git/signpost/software/kernel/tock/userland/newlib/libc.a(lib_a-sbrkr.o)
 .data          0x00000000000001e4        0x0 /home/nealjack/git/signpost/software/kernel/tock/userland/newlib/libc.a(lib_a-strcmp.o)
 .data          0x00000000000001e4        0x0 /home/nealjack/git/signpost/software/kernel/tock/userland/newlib/libc.a(lib_a-strlen.o)
 .data          0x00000000000001e4        0x0 /home/nealjack/git/signpost/software/kernel/tock/userland/newlib/libc.a(lib_a-wbuf.o)
 .data          0x00000000000001e4        0x0 /home/nealjack/git/signpost/software/kernel/tock/userland/newlib/libc.a(lib_a-wsetup.o)
 .data          0x00000000000001e4        0x0 /home/nealjack/git/signpost/software/kernel/tock/userland/newlib/libc.a(lib_a-fflush.o)
 .data          0x00000000000001e4        0x0 /home/nealjack/git/signpost/software/kernel/tock/userland/newlib/libc.a(lib_a-findfp.o)
 .data          0x00000000000001e4        0x0 /home/nealjack/git/signpost/software/kernel/tock/userland/newlib/libc.a(lib_a-fwalk.o)
 .data          0x00000000000001e4        0x0 /home/nealjack/git/signpost/software/kernel/tock/userland/newlib/libc.a(lib_a-makebuf.o)
 .data          0x00000000000001e4        0x0 /home/nealjack/git/signpost/software/kernel/tock/userland/newlib/libc.a(lib_a-nano-vfprintf.o)
 .data          0x00000000000001e4        0x0 /home/nealjack/git/signpost/software/kernel/tock/userland/newlib/libc.a(lib_a-reent.o)
 .data          0x00000000000001e4        0x0 /home/nealjack/git/signpost/software/kernel/tock/userland/newlib/libc.a(lib_a-stdio.o)
 .data          0x00000000000001e4        0x0 /home/nealjack/git/signpost/software/kernel/tock/userland/newlib/libc.a(lib_a-writer.o)
 .data          0x00000000000001e4        0x0 /home/nealjack/git/signpost/software/kernel/tock/userland/newlib/libc.a(lib_a-closer.o)
 .data          0x00000000000001e4        0x0 /home/nealjack/git/signpost/software/kernel/tock/userland/newlib/libc.a(lib_a-fstatr.o)
 .data          0x00000000000001e4        0x0 /home/nealjack/git/signpost/software/kernel/tock/userland/newlib/libc.a(lib_a-fvwrite.o)
 .data          0x00000000000001e4        0x0 /home/nealjack/git/signpost/software/kernel/tock/userland/newlib/libc.a(lib_a-isattyr.o)
 .data          0x00000000000001e4        0x0 /home/nealjack/git/signpost/software/kernel/tock/userland/newlib/libc.a(lib_a-lseekr.o)
 .data          0x00000000000001e4        0x0 /home/nealjack/git/signpost/software/kernel/tock/userland/newlib/libc.a(lib_a-memchr.o)
 .data          0x00000000000001e4        0x0 /home/nealjack/git/signpost/software/kernel/tock/userland/newlib/libc.a(lib_a-memmove.o)
 .data          0x00000000000001e4        0x0 /home/nealjack/git/signpost/software/kernel/tock/userland/newlib/libc.a(lib_a-nano-reallocr.o)
 .data          0x00000000000001e4        0x0 /home/nealjack/git/signpost/software/kernel/tock/userland/newlib/libc.a(lib_a-nano-vfprintf_i.o)
 .data          0x00000000000001e4        0x0 /home/nealjack/git/signpost/software/kernel/tock/userland/newlib/libc.a(lib_a-readr.o)
 .data          0x00000000000001e4        0x0 /home/nealjack/git/signpost/software/kernel/tock/userland/newlib/libc.a(lib_a-nano-msizer.o)
 .data          0x00000000000001e4        0x0 /home/nealjack/git/signpost/software/kernel/tock/userland/libtock/build/cortex-m4/libtock.a(crt1.o)
 .data          0x00000000000001e4        0x0 /home/nealjack/git/signpost/software/kernel/tock/userland/libtock/build/cortex-m4/libtock.a(tock.o)
 .data          0x00000000000001e4        0x0 /home/nealjack/git/signpost/software/kernel/tock/userland/libtock/build/cortex-m4/libtock.a(gpio.o)
 .data          0x00000000000001e4        0x0 /home/nealjack/git/signpost/software/kernel/tock/userland/libtock/build/cortex-m4/libtock.a(sys.o)
 .data          0x00000000000001e4        0x0 /home/nealjack/git/signpost/software/kernel/tock/userland/libtock/build/cortex-m4/libtock.a(timer.o)
 .data          0x00000000000001e4        0x0 /home/nealjack/git/signpost/software/kernel/tock/userland/libtock/build/cortex-m4/libtock.a(console.o)
 .data          0x00000000000001e4        0x0 /home/nealjack/git/signpost/software/kernel/tock/userland/libc++/libgcc.a(_aeabi_uldivmod.o)
 .data          0x00000000000001e4        0x0 /home/nealjack/git/signpost/software/kernel/tock/userland/libc++/libgcc.a(_udivmoddi4.o)
 .data          0x00000000000001e4        0x0 /home/nealjack/git/signpost/software/kernel/tock/userland/libc++/libgcc.a(_dvmd_tls.o)
 .data          0x00000000000001e4        0x0 /home/nealjack/git/signpost/software/kernel/tock/userland/libc++/libgcc.a(_lshrdi3.o)
 .data          0x00000000000001e4        0x0 /home/nealjack/git/signpost/software/kernel/tock/userland/libc++/libgcc.a(_ashldi3.o)
 .data          0x00000000000001e4        0x0 /home/nealjack/git/signpost/software/kernel/tock/userland/libc++/libgcc.a(_clzdi2.o)
 .data          0x00000000000001e4        0x0 /home/nealjack/git/signpost/software/kernel/tock/userland/libc++/libgcc.a(_clzsi2.o)
 .data          0x00000000000001e4        0x0 /home/nealjack/git/signpost/software/kernel/tock/userland/newlib/libc.a(lib_a-strncpy.o)
                0x00000000000001e4                _edata = .

.igot.plt       0x00000000000001e4        0x0 load address 0x0000000080005c14
 .igot.plt      0x00000000000001e4        0x0 /home/nealjack/git/signpost/software/apps/mbedtls_ecdh/build/cortex-m4/main.o

.bss            0x00000000000001e4      0x498 load address 0x0000000080005c14
                0x00000000000001e4                _bss = .
 *(.bss*)
 .bss           0x00000000000001e4        0x0 /home/nealjack/git/signpost/software/apps/mbedtls_ecdh/build/cortex-m4/main.o
 .bss           0x00000000000001e4        0x0 /home/nealjack/git/signpost/software/apps/mbedtls_ecdh/build/cortex-m4/ecdh.o
 .bss           0x00000000000001e4        0x0 /home/nealjack/git/signpost/software/apps/mbedtls_ecdh/build/cortex-m4/ecp.o
 .bss.dbl_count
                0x00000000000001e4        0x4 /home/nealjack/git/signpost/software/apps/mbedtls_ecdh/build/cortex-m4/ecp.o
 .bss.add_count
                0x00000000000001e8        0x4 /home/nealjack/git/signpost/software/apps/mbedtls_ecdh/build/cortex-m4/ecp.o
 .bss.mul_count
                0x00000000000001ec        0x4 /home/nealjack/git/signpost/software/apps/mbedtls_ecdh/build/cortex-m4/ecp.o
 .bss.init_done.6217
                0x00000000000001f0        0x4 /home/nealjack/git/signpost/software/apps/mbedtls_ecdh/build/cortex-m4/ecp.o
 .bss.ecp_supported_grp_id
                0x00000000000001f4        0x5 /home/nealjack/git/signpost/software/apps/mbedtls_ecdh/build/cortex-m4/ecp.o
 .bss           0x00000000000001f9        0x0 /home/nealjack/git/signpost/software/apps/mbedtls_ecdh/build/cortex-m4/ecp_curves.o
 .bss           0x00000000000001f9        0x0 /home/nealjack/git/signpost/software/apps/mbedtls_ecdh/build/cortex-m4/bignum.o
 .bss           0x00000000000001f9        0x0 /home/nealjack/git/signpost/software/kernel/tock/userland/newlib/libc.a(lib_a-calloc.o)
 .bss           0x00000000000001f9        0x0 /home/nealjack/git/signpost/software/kernel/tock/userland/newlib/libc.a(lib_a-impure.o)
 .bss           0x00000000000001f9        0x0 /home/nealjack/git/signpost/software/kernel/tock/userland/newlib/libc.a(lib_a-malloc.o)
 .bss           0x00000000000001f9        0x0 /home/nealjack/git/signpost/software/kernel/tock/userland/newlib/libc.a(lib_a-memcpy.o)
 .bss           0x00000000000001f9        0x0 /home/nealjack/git/signpost/software/kernel/tock/userland/newlib/libc.a(lib_a-memset.o)
 .bss           0x00000000000001f9        0x0 /home/nealjack/git/signpost/software/kernel/tock/userland/newlib/libc.a(lib_a-nano-callocr.o)
 .bss           0x00000000000001f9        0x0 /home/nealjack/git/signpost/software/kernel/tock/userland/newlib/libc.a(lib_a-nano-freer.o)
 .bss           0x00000000000001f9        0x0 /home/nealjack/git/signpost/software/kernel/tock/userland/newlib/libc.a(lib_a-nano-mallocr.o)
 *fill*         0x00000000000001f9        0x3 
 .bss.__malloc_sbrk_start
                0x00000000000001fc        0x4 /home/nealjack/git/signpost/software/kernel/tock/userland/newlib/libc.a(lib_a-nano-mallocr.o)
                0x00000000000001fc                __malloc_sbrk_start
 .bss.__malloc_free_list
                0x0000000000000200        0x4 /home/nealjack/git/signpost/software/kernel/tock/userland/newlib/libc.a(lib_a-nano-mallocr.o)
                0x0000000000000200                __malloc_free_list
 .bss           0x0000000000000204        0x0 /home/nealjack/git/signpost/software/kernel/tock/userland/newlib/libc.a(lib_a-printf.o)
 .bss           0x0000000000000204        0x0 /home/nealjack/git/signpost/software/kernel/tock/userland/newlib/libc.a(lib_a-putchar.o)
 .bss           0x0000000000000204        0x0 /home/nealjack/git/signpost/software/kernel/tock/userland/newlib/libc.a(lib_a-putc.o)
 .bss           0x0000000000000204        0x0 /home/nealjack/git/signpost/software/kernel/tock/userland/newlib/libc.a(lib_a-puts.o)
 .bss           0x0000000000000204        0x0 /home/nealjack/git/signpost/software/kernel/tock/userland/newlib/libc.a(lib_a-rand.o)
 .bss           0x0000000000000204        0x0 /home/nealjack/git/signpost/software/kernel/tock/userland/newlib/libc.a(lib_a-sbrkr.o)
 .bss           0x0000000000000204        0x0 /home/nealjack/git/signpost/software/kernel/tock/userland/newlib/libc.a(lib_a-strcmp.o)
 .bss           0x0000000000000204        0x0 /home/nealjack/git/signpost/software/kernel/tock/userland/newlib/libc.a(lib_a-strlen.o)
 .bss           0x0000000000000204        0x0 /home/nealjack/git/signpost/software/kernel/tock/userland/newlib/libc.a(lib_a-wbuf.o)
 .bss           0x0000000000000204        0x0 /home/nealjack/git/signpost/software/kernel/tock/userland/newlib/libc.a(lib_a-wsetup.o)
 .bss           0x0000000000000204        0x0 /home/nealjack/git/signpost/software/kernel/tock/userland/newlib/libc.a(lib_a-fflush.o)
 .bss           0x0000000000000204        0x0 /home/nealjack/git/signpost/software/kernel/tock/userland/newlib/libc.a(lib_a-findfp.o)
 .bss           0x0000000000000204        0x0 /home/nealjack/git/signpost/software/kernel/tock/userland/newlib/libc.a(lib_a-fwalk.o)
 .bss           0x0000000000000204        0x0 /home/nealjack/git/signpost/software/kernel/tock/userland/newlib/libc.a(lib_a-makebuf.o)
 .bss           0x0000000000000204        0x0 /home/nealjack/git/signpost/software/kernel/tock/userland/newlib/libc.a(lib_a-nano-vfprintf.o)
 .bss           0x0000000000000204        0x0 /home/nealjack/git/signpost/software/kernel/tock/userland/newlib/libc.a(lib_a-reent.o)
 .bss           0x0000000000000204        0x0 /home/nealjack/git/signpost/software/kernel/tock/userland/newlib/libc.a(lib_a-stdio.o)
 .bss           0x0000000000000204        0x0 /home/nealjack/git/signpost/software/kernel/tock/userland/newlib/libc.a(lib_a-writer.o)
 .bss           0x0000000000000204        0x0 /home/nealjack/git/signpost/software/kernel/tock/userland/newlib/libc.a(lib_a-closer.o)
 .bss           0x0000000000000204        0x0 /home/nealjack/git/signpost/software/kernel/tock/userland/newlib/libc.a(lib_a-fstatr.o)
 .bss           0x0000000000000204        0x0 /home/nealjack/git/signpost/software/kernel/tock/userland/newlib/libc.a(lib_a-fvwrite.o)
 .bss           0x0000000000000204        0x0 /home/nealjack/git/signpost/software/kernel/tock/userland/newlib/libc.a(lib_a-isattyr.o)
 .bss           0x0000000000000204        0x0 /home/nealjack/git/signpost/software/kernel/tock/userland/newlib/libc.a(lib_a-lseekr.o)
 .bss           0x0000000000000204        0x0 /home/nealjack/git/signpost/software/kernel/tock/userland/newlib/libc.a(lib_a-memchr.o)
 .bss           0x0000000000000204        0x0 /home/nealjack/git/signpost/software/kernel/tock/userland/newlib/libc.a(lib_a-memmove.o)
 .bss           0x0000000000000204        0x0 /home/nealjack/git/signpost/software/kernel/tock/userland/newlib/libc.a(lib_a-nano-reallocr.o)
 .bss           0x0000000000000204        0x0 /home/nealjack/git/signpost/software/kernel/tock/userland/newlib/libc.a(lib_a-nano-vfprintf_i.o)
 .bss           0x0000000000000204        0x0 /home/nealjack/git/signpost/software/kernel/tock/userland/newlib/libc.a(lib_a-readr.o)
 .bss           0x0000000000000204        0x0 /home/nealjack/git/signpost/software/kernel/tock/userland/newlib/libc.a(lib_a-nano-msizer.o)
 .bss           0x0000000000000204        0x0 /home/nealjack/git/signpost/software/kernel/tock/userland/libtock/build/cortex-m4/libtock.a(crt1.o)
 .bss           0x0000000000000204        0x0 /home/nealjack/git/signpost/software/kernel/tock/userland/libtock/build/cortex-m4/libtock.a(tock.o)
 .bss           0x0000000000000204        0x0 /home/nealjack/git/signpost/software/kernel/tock/userland/libtock/build/cortex-m4/libtock.a(gpio.o)
 .bss           0x0000000000000204        0x0 /home/nealjack/git/signpost/software/kernel/tock/userland/libtock/build/cortex-m4/libtock.a(sys.o)
 .bss.__dso_handle
                0x0000000000000204        0x4 /home/nealjack/git/signpost/software/kernel/tock/userland/libtock/build/cortex-m4/libtock.a(sys.o)
                0x0000000000000204                __dso_handle
 .bss           0x0000000000000208        0x0 /home/nealjack/git/signpost/software/kernel/tock/userland/libtock/build/cortex-m4/libtock.a(timer.o)
 .bss           0x0000000000000208        0x0 /home/nealjack/git/signpost/software/kernel/tock/userland/libtock/build/cortex-m4/libtock.a(console.o)
 .bss.putstr_head
                0x0000000000000208        0x4 /home/nealjack/git/signpost/software/kernel/tock/userland/libtock/build/cortex-m4/libtock.a(console.o)
 .bss.putstr_tail
                0x000000000000020c        0x4 /home/nealjack/git/signpost/software/kernel/tock/userland/libtock/build/cortex-m4/libtock.a(console.o)
 .bss           0x0000000000000210        0x0 /home/nealjack/git/signpost/software/kernel/tock/userland/libc++/libgcc.a(_aeabi_uldivmod.o)
 .bss           0x0000000000000210        0x0 /home/nealjack/git/signpost/software/kernel/tock/userland/libc++/libgcc.a(_udivmoddi4.o)
 .bss           0x0000000000000210        0x0 /home/nealjack/git/signpost/software/kernel/tock/userland/libc++/libgcc.a(_dvmd_tls.o)
 .bss           0x0000000000000210        0x0 /home/nealjack/git/signpost/software/kernel/tock/userland/libc++/libgcc.a(_lshrdi3.o)
 .bss           0x0000000000000210        0x0 /home/nealjack/git/signpost/software/kernel/tock/userland/libc++/libgcc.a(_ashldi3.o)
 .bss           0x0000000000000210        0x0 /home/nealjack/git/signpost/software/kernel/tock/userland/libc++/libgcc.a(_clzdi2.o)
 .bss           0x0000000000000210        0x0 /home/nealjack/git/signpost/software/kernel/tock/userland/libc++/libgcc.a(_clzsi2.o)
 .bss           0x0000000000000210        0x0 /home/nealjack/git/signpost/software/kernel/tock/userland/newlib/libc.a(lib_a-strncpy.o)
 *(COMMON)
 COMMON         0x0000000000000210      0x468 /home/nealjack/git/signpost/software/apps/mbedtls_ecdh/build/cortex-m4/main.o
                0x0000000000000210                ecdh_0
                0x0000000000000344                buf2
                0x0000000000000444                ecdh_1
                0x0000000000000578                buf
 COMMON         0x0000000000000678        0x4 /home/nealjack/git/signpost/software/kernel/tock/userland/newlib/libc.a(lib_a-reent.o)
                0x0000000000000678                errno
                0x000000000000067c                _ebss = .
OUTPUT(/home/nealjack/git/signpost/software/apps/mbedtls_ecdh/build/cortex-m4/app.elf elf32-littlearm)

.debug_info     0x0000000000000000    0x2049a
 .debug_info    0x0000000000000000      0x8a8 /home/nealjack/git/signpost/software/apps/mbedtls_ecdh/build/cortex-m4/main.o
 .debug_info    0x00000000000008a8      0xc17 /home/nealjack/git/signpost/software/apps/mbedtls_ecdh/build/cortex-m4/ecdh.o
 .debug_info    0x00000000000014bf     0x4990 /home/nealjack/git/signpost/software/apps/mbedtls_ecdh/build/cortex-m4/ecp.o
 .debug_info    0x0000000000005e4f     0x2263 /home/nealjack/git/signpost/software/apps/mbedtls_ecdh/build/cortex-m4/ecp_curves.o
 .debug_info    0x00000000000080b2     0x432a /home/nealjack/git/signpost/software/apps/mbedtls_ecdh/build/cortex-m4/bignum.o
 .debug_info    0x000000000000c3dc      0x785 /home/nealjack/git/signpost/software/kernel/tock/userland/newlib/libc.a(lib_a-calloc.o)
 .debug_info    0x000000000000cb61      0x7da /home/nealjack/git/signpost/software/kernel/tock/userland/newlib/libc.a(lib_a-impure.o)
 .debug_info    0x000000000000d33b      0x7b2 /home/nealjack/git/signpost/software/kernel/tock/userland/newlib/libc.a(lib_a-malloc.o)
 .debug_info    0x000000000000daed      0x115 /home/nealjack/git/signpost/software/kernel/tock/userland/newlib/libc.a(lib_a-memcpy.o)
 .debug_info    0x000000000000dc02       0xda /home/nealjack/git/signpost/software/kernel/tock/userland/newlib/libc.a(lib_a-memset.o)
 .debug_info    0x000000000000dcdc      0x7d0 /home/nealjack/git/signpost/software/kernel/tock/userland/newlib/libc.a(lib_a-nano-callocr.o)
 .debug_info    0x000000000000e4ac      0x825 /home/nealjack/git/signpost/software/kernel/tock/userland/newlib/libc.a(lib_a-nano-freer.o)
 .debug_info    0x000000000000ecd1      0x8ec /home/nealjack/git/signpost/software/kernel/tock/userland/newlib/libc.a(lib_a-nano-mallocr.o)
 .debug_info    0x000000000000f5bd      0x871 /home/nealjack/git/signpost/software/kernel/tock/userland/newlib/libc.a(lib_a-printf.o)
 .debug_info    0x000000000000fe2e      0x7f6 /home/nealjack/git/signpost/software/kernel/tock/userland/newlib/libc.a(lib_a-putchar.o)
 .debug_info    0x0000000000010624      0x8b9 /home/nealjack/git/signpost/software/kernel/tock/userland/newlib/libc.a(lib_a-putc.o)
 .debug_info    0x0000000000010edd      0x84a /home/nealjack/git/signpost/software/kernel/tock/userland/newlib/libc.a(lib_a-puts.o)
 .debug_info    0x0000000000011727      0x803 /home/nealjack/git/signpost/software/kernel/tock/userland/newlib/libc.a(lib_a-rand.o)
 .debug_info    0x0000000000011f2a      0x7a1 /home/nealjack/git/signpost/software/kernel/tock/userland/newlib/libc.a(lib_a-sbrkr.o)
 .debug_info    0x00000000000126cb       0xe2 /home/nealjack/git/signpost/software/kernel/tock/userland/newlib/libc.a(lib_a-strcmp.o)
 .debug_info    0x00000000000127ad       0xd4 /home/nealjack/git/signpost/software/kernel/tock/userland/newlib/libc.a(lib_a-strlen.o)
 .debug_info    0x0000000000012881      0x8fd /home/nealjack/git/signpost/software/kernel/tock/userland/newlib/libc.a(lib_a-wbuf.o)
 .debug_info    0x000000000001317e      0x870 /home/nealjack/git/signpost/software/kernel/tock/userland/newlib/libc.a(lib_a-wsetup.o)
 .debug_info    0x00000000000139ee      0x9cf /home/nealjack/git/signpost/software/kernel/tock/userland/newlib/libc.a(lib_a-fflush.o)
 .debug_info    0x00000000000143bd      0xcb8 /home/nealjack/git/signpost/software/kernel/tock/userland/newlib/libc.a(lib_a-findfp.o)
 .debug_info    0x0000000000015075      0x84d /home/nealjack/git/signpost/software/kernel/tock/userland/newlib/libc.a(lib_a-fwalk.o)
 .debug_info    0x00000000000158c2      0x95f /home/nealjack/git/signpost/software/kernel/tock/userland/newlib/libc.a(lib_a-makebuf.o)
 .debug_info    0x0000000000016221      0xd6d /home/nealjack/git/signpost/software/kernel/tock/userland/newlib/libc.a(lib_a-nano-vfprintf.o)
 .debug_info    0x0000000000016f8e      0x8fb /home/nealjack/git/signpost/software/kernel/tock/userland/newlib/libc.a(lib_a-reent.o)
 .debug_info    0x0000000000017889      0x9d5 /home/nealjack/git/signpost/software/kernel/tock/userland/newlib/libc.a(lib_a-stdio.o)
 .debug_info    0x000000000001825e      0x7e4 /home/nealjack/git/signpost/software/kernel/tock/userland/newlib/libc.a(lib_a-writer.o)
 .debug_info    0x0000000000018a42      0x797 /home/nealjack/git/signpost/software/kernel/tock/userland/newlib/libc.a(lib_a-closer.o)
 .debug_info    0x00000000000191d9      0x915 /home/nealjack/git/signpost/software/kernel/tock/userland/newlib/libc.a(lib_a-fstatr.o)
 .debug_info    0x0000000000019aee      0xaa1 /home/nealjack/git/signpost/software/kernel/tock/userland/newlib/libc.a(lib_a-fvwrite.o)
 .debug_info    0x000000000001a58f      0x797 /home/nealjack/git/signpost/software/kernel/tock/userland/newlib/libc.a(lib_a-isattyr.o)
 .debug_info    0x000000000001ad26      0x7c7 /home/nealjack/git/signpost/software/kernel/tock/userland/newlib/libc.a(lib_a-lseekr.o)
 .debug_info    0x000000000001b4ed       0xff /home/nealjack/git/signpost/software/kernel/tock/userland/newlib/libc.a(lib_a-memchr.o)
 .debug_info    0x000000000001b5ec      0x109 /home/nealjack/git/signpost/software/kernel/tock/userland/newlib/libc.a(lib_a-memmove.o)
 .debug_info    0x000000000001b6f5      0x878 /home/nealjack/git/signpost/software/kernel/tock/userland/newlib/libc.a(lib_a-nano-reallocr.o)
 .debug_info    0x000000000001bf6d      0xb44 /home/nealjack/git/signpost/software/kernel/tock/userland/newlib/libc.a(lib_a-nano-vfprintf_i.o)
 .debug_info    0x000000000001cab1      0x7dd /home/nealjack/git/signpost/software/kernel/tock/userland/newlib/libc.a(lib_a-readr.o)
 .debug_info    0x000000000001d28e      0x7c0 /home/nealjack/git/signpost/software/kernel/tock/userland/newlib/libc.a(lib_a-nano-msizer.o)
 .debug_info    0x000000000001da4e      0x11f /home/nealjack/git/signpost/software/kernel/tock/userland/libtock/build/cortex-m4/libtock.a(crt1.o)
 .debug_info    0x000000000001db6d      0x22b /home/nealjack/git/signpost/software/kernel/tock/userland/libtock/build/cortex-m4/libtock.a(tock.o)
 .debug_info    0x000000000001dd98      0x434 /home/nealjack/git/signpost/software/kernel/tock/userland/libtock/build/cortex-m4/libtock.a(gpio.o)
 .debug_info    0x000000000001e1cc      0x50e /home/nealjack/git/signpost/software/kernel/tock/userland/libtock/build/cortex-m4/libtock.a(sys.o)
 .debug_info    0x000000000001e6da      0x2ef /home/nealjack/git/signpost/software/kernel/tock/userland/libtock/build/cortex-m4/libtock.a(timer.o)
 .debug_info    0x000000000001e9c9      0x450 /home/nealjack/git/signpost/software/kernel/tock/userland/libtock/build/cortex-m4/libtock.a(console.o)
 .debug_info    0x000000000001ee19       0xa0 /home/nealjack/git/signpost/software/kernel/tock/userland/libc++/libgcc.a(_aeabi_uldivmod.o)
 .debug_info    0x000000000001eeb9     0x11b7 /home/nealjack/git/signpost/software/kernel/tock/userland/libc++/libgcc.a(_udivmoddi4.o)
 .debug_info    0x0000000000020070       0xa0 /home/nealjack/git/signpost/software/kernel/tock/userland/libc++/libgcc.a(_dvmd_tls.o)
 .debug_info    0x0000000000020110       0xa0 /home/nealjack/git/signpost/software/kernel/tock/userland/libc++/libgcc.a(_lshrdi3.o)
 .debug_info    0x00000000000201b0       0xa0 /home/nealjack/git/signpost/software/kernel/tock/userland/libc++/libgcc.a(_ashldi3.o)
 .debug_info    0x0000000000020250       0xa0 /home/nealjack/git/signpost/software/kernel/tock/userland/libc++/libgcc.a(_clzdi2.o)
 .debug_info    0x00000000000202f0       0xa0 /home/nealjack/git/signpost/software/kernel/tock/userland/libc++/libgcc.a(_clzsi2.o)
 .debug_info    0x0000000000020390      0x10a /home/nealjack/git/signpost/software/kernel/tock/userland/newlib/libc.a(lib_a-strncpy.o)

.debug_abbrev   0x0000000000000000     0x51d5
 .debug_abbrev  0x0000000000000000      0x1df /home/nealjack/git/signpost/software/apps/mbedtls_ecdh/build/cortex-m4/main.o
 .debug_abbrev  0x00000000000001df      0x1cd /home/nealjack/git/signpost/software/apps/mbedtls_ecdh/build/cortex-m4/ecdh.o
 .debug_abbrev  0x00000000000003ac      0x3f0 /home/nealjack/git/signpost/software/apps/mbedtls_ecdh/build/cortex-m4/ecp.o
 .debug_abbrev  0x000000000000079c      0x2bd /home/nealjack/git/signpost/software/apps/mbedtls_ecdh/build/cortex-m4/ecp_curves.o
 .debug_abbrev  0x0000000000000a59      0x3f4 /home/nealjack/git/signpost/software/apps/mbedtls_ecdh/build/cortex-m4/bignum.o
 .debug_abbrev  0x0000000000000e4d      0x17f /home/nealjack/git/signpost/software/kernel/tock/userland/newlib/libc.a(lib_a-calloc.o)
 .debug_abbrev  0x0000000000000fcc      0x136 /home/nealjack/git/signpost/software/kernel/tock/userland/newlib/libc.a(lib_a-impure.o)
 .debug_abbrev  0x0000000000001102      0x18a /home/nealjack/git/signpost/software/kernel/tock/userland/newlib/libc.a(lib_a-malloc.o)
 .debug_abbrev  0x000000000000128c       0xab /home/nealjack/git/signpost/software/kernel/tock/userland/newlib/libc.a(lib_a-memcpy.o)
 .debug_abbrev  0x0000000000001337       0x8e /home/nealjack/git/signpost/software/kernel/tock/userland/newlib/libc.a(lib_a-memset.o)
 .debug_abbrev  0x00000000000013c5      0x187 /home/nealjack/git/signpost/software/kernel/tock/userland/newlib/libc.a(lib_a-nano-callocr.o)
 .debug_abbrev  0x000000000000154c      0x1b8 /home/nealjack/git/signpost/software/kernel/tock/userland/newlib/libc.a(lib_a-nano-freer.o)
 .debug_abbrev  0x0000000000001704      0x24e /home/nealjack/git/signpost/software/kernel/tock/userland/newlib/libc.a(lib_a-nano-mallocr.o)
 .debug_abbrev  0x0000000000001952      0x1ed /home/nealjack/git/signpost/software/kernel/tock/userland/newlib/libc.a(lib_a-printf.o)
 .debug_abbrev  0x0000000000001b3f      0x1b9 /home/nealjack/git/signpost/software/kernel/tock/userland/newlib/libc.a(lib_a-putchar.o)
 .debug_abbrev  0x0000000000001cf8      0x1d1 /home/nealjack/git/signpost/software/kernel/tock/userland/newlib/libc.a(lib_a-putc.o)
 .debug_abbrev  0x0000000000001ec9      0x1e0 /home/nealjack/git/signpost/software/kernel/tock/userland/newlib/libc.a(lib_a-puts.o)
 .debug_abbrev  0x00000000000020a9      0x1be /home/nealjack/git/signpost/software/kernel/tock/userland/newlib/libc.a(lib_a-rand.o)
 .debug_abbrev  0x0000000000002267      0x1a0 /home/nealjack/git/signpost/software/kernel/tock/userland/newlib/libc.a(lib_a-sbrkr.o)
 .debug_abbrev  0x0000000000002407       0x14 /home/nealjack/git/signpost/software/kernel/tock/userland/newlib/libc.a(lib_a-strcmp.o)
 .debug_abbrev  0x000000000000241b       0x8c /home/nealjack/git/signpost/software/kernel/tock/userland/newlib/libc.a(lib_a-strlen.o)
 .debug_abbrev  0x00000000000024a7      0x1de /home/nealjack/git/signpost/software/kernel/tock/userland/newlib/libc.a(lib_a-wbuf.o)
 .debug_abbrev  0x0000000000002685      0x192 /home/nealjack/git/signpost/software/kernel/tock/userland/newlib/libc.a(lib_a-wsetup.o)
 .debug_abbrev  0x0000000000002817      0x22e /home/nealjack/git/signpost/software/kernel/tock/userland/newlib/libc.a(lib_a-fflush.o)
 .debug_abbrev  0x0000000000002a45      0x2e5 /home/nealjack/git/signpost/software/kernel/tock/userland/newlib/libc.a(lib_a-findfp.o)
 .debug_abbrev  0x0000000000002d2a      0x176 /home/nealjack/git/signpost/software/kernel/tock/userland/newlib/libc.a(lib_a-fwalk.o)
 .debug_abbrev  0x0000000000002ea0      0x194 /home/nealjack/git/signpost/software/kernel/tock/userland/newlib/libc.a(lib_a-makebuf.o)
 .debug_abbrev  0x0000000000003034      0x277 /home/nealjack/git/signpost/software/kernel/tock/userland/newlib/libc.a(lib_a-nano-vfprintf.o)
 .debug_abbrev  0x00000000000032ab      0x1f2 /home/nealjack/git/signpost/software/kernel/tock/userland/newlib/libc.a(lib_a-reent.o)
 .debug_abbrev  0x000000000000349d      0x1cf /home/nealjack/git/signpost/software/kernel/tock/userland/newlib/libc.a(lib_a-stdio.o)
 .debug_abbrev  0x000000000000366c      0x1a2 /home/nealjack/git/signpost/software/kernel/tock/userland/newlib/libc.a(lib_a-writer.o)
 .debug_abbrev  0x000000000000380e      0x19b /home/nealjack/git/signpost/software/kernel/tock/userland/newlib/libc.a(lib_a-closer.o)
 .debug_abbrev  0x00000000000039a9      0x1aa /home/nealjack/git/signpost/software/kernel/tock/userland/newlib/libc.a(lib_a-fstatr.o)
 .debug_abbrev  0x0000000000003b53      0x1c3 /home/nealjack/git/signpost/software/kernel/tock/userland/newlib/libc.a(lib_a-fvwrite.o)
 .debug_abbrev  0x0000000000003d16      0x19b /home/nealjack/git/signpost/software/kernel/tock/userland/newlib/libc.a(lib_a-isattyr.o)
 .debug_abbrev  0x0000000000003eb1      0x1ac /home/nealjack/git/signpost/software/kernel/tock/userland/newlib/libc.a(lib_a-lseekr.o)
 .debug_abbrev  0x000000000000405d       0xab /home/nealjack/git/signpost/software/kernel/tock/userland/newlib/libc.a(lib_a-memchr.o)
 .debug_abbrev  0x0000000000004108       0x9c /home/nealjack/git/signpost/software/kernel/tock/userland/newlib/libc.a(lib_a-memmove.o)
 .debug_abbrev  0x00000000000041a4      0x1af /home/nealjack/git/signpost/software/kernel/tock/userland/newlib/libc.a(lib_a-nano-reallocr.o)
 .debug_abbrev  0x0000000000004353      0x1f4 /home/nealjack/git/signpost/software/kernel/tock/userland/newlib/libc.a(lib_a-nano-vfprintf_i.o)
 .debug_abbrev  0x0000000000004547      0x19d /home/nealjack/git/signpost/software/kernel/tock/userland/newlib/libc.a(lib_a-readr.o)
 .debug_abbrev  0x00000000000046e4      0x161 /home/nealjack/git/signpost/software/kernel/tock/userland/newlib/libc.a(lib_a-nano-msizer.o)
 .debug_abbrev  0x0000000000004845       0x9e /home/nealjack/git/signpost/software/kernel/tock/userland/libtock/build/cortex-m4/libtock.a(crt1.o)
 .debug_abbrev  0x00000000000048e3       0xf3 /home/nealjack/git/signpost/software/kernel/tock/userland/libtock/build/cortex-m4/libtock.a(tock.o)
 .debug_abbrev  0x00000000000049d6       0xe3 /home/nealjack/git/signpost/software/kernel/tock/userland/libtock/build/cortex-m4/libtock.a(gpio.o)
 .debug_abbrev  0x0000000000004ab9      0x15c /home/nealjack/git/signpost/software/kernel/tock/userland/libtock/build/cortex-m4/libtock.a(sys.o)
 .debug_abbrev  0x0000000000004c15      0x14d /home/nealjack/git/signpost/software/kernel/tock/userland/libtock/build/cortex-m4/libtock.a(timer.o)
 .debug_abbrev  0x0000000000004d62      0x148 /home/nealjack/git/signpost/software/kernel/tock/userland/libtock/build/cortex-m4/libtock.a(console.o)
 .debug_abbrev  0x0000000000004eaa       0x14 /home/nealjack/git/signpost/software/kernel/tock/userland/libc++/libgcc.a(_aeabi_uldivmod.o)
 .debug_abbrev  0x0000000000004ebe      0x21c /home/nealjack/git/signpost/software/kernel/tock/userland/libc++/libgcc.a(_udivmoddi4.o)
 .debug_abbrev  0x00000000000050da       0x14 /home/nealjack/git/signpost/software/kernel/tock/userland/libc++/libgcc.a(_dvmd_tls.o)
 .debug_abbrev  0x00000000000050ee       0x14 /home/nealjack/git/signpost/software/kernel/tock/userland/libc++/libgcc.a(_lshrdi3.o)
 .debug_abbrev  0x0000000000005102       0x14 /home/nealjack/git/signpost/software/kernel/tock/userland/libc++/libgcc.a(_ashldi3.o)
 .debug_abbrev  0x0000000000005116       0x14 /home/nealjack/git/signpost/software/kernel/tock/userland/libc++/libgcc.a(_clzdi2.o)
 .debug_abbrev  0x000000000000512a       0x14 /home/nealjack/git/signpost/software/kernel/tock/userland/libc++/libgcc.a(_clzsi2.o)
 .debug_abbrev  0x000000000000513e       0x97 /home/nealjack/git/signpost/software/kernel/tock/userland/newlib/libc.a(lib_a-strncpy.o)

.debug_loc      0x0000000000000000     0xc598
 .debug_loc     0x0000000000000000      0x144 /home/nealjack/git/signpost/software/apps/mbedtls_ecdh/build/cortex-m4/main.o
 .debug_loc     0x0000000000000144      0xa2e /home/nealjack/git/signpost/software/apps/mbedtls_ecdh/build/cortex-m4/ecdh.o
 .debug_loc     0x0000000000000b72     0x384c /home/nealjack/git/signpost/software/apps/mbedtls_ecdh/build/cortex-m4/ecp.o
 .debug_loc     0x00000000000043be      0xf3e /home/nealjack/git/signpost/software/apps/mbedtls_ecdh/build/cortex-m4/ecp_curves.o
 .debug_loc     0x00000000000052fc     0x3967 /home/nealjack/git/signpost/software/apps/mbedtls_ecdh/build/cortex-m4/bignum.o
 .debug_loc     0x0000000000008c63       0x58 /home/nealjack/git/signpost/software/kernel/tock/userland/newlib/libc.a(lib_a-calloc.o)
 .debug_loc     0x0000000000008cbb       0x58 /home/nealjack/git/signpost/software/kernel/tock/userland/newlib/libc.a(lib_a-malloc.o)
 .debug_loc     0x0000000000008d13       0x87 /home/nealjack/git/signpost/software/kernel/tock/userland/newlib/libc.a(lib_a-memcpy.o)
 .debug_loc     0x0000000000008d9a       0x57 /home/nealjack/git/signpost/software/kernel/tock/userland/newlib/libc.a(lib_a-memset.o)
 .debug_loc     0x0000000000008df1       0x81 /home/nealjack/git/signpost/software/kernel/tock/userland/newlib/libc.a(lib_a-nano-callocr.o)
 .debug_loc     0x0000000000008e72      0x158 /home/nealjack/git/signpost/software/kernel/tock/userland/newlib/libc.a(lib_a-nano-freer.o)
 .debug_loc     0x0000000000008fca      0x311 /home/nealjack/git/signpost/software/kernel/tock/userland/newlib/libc.a(lib_a-nano-mallocr.o)
 .debug_loc     0x00000000000092db       0x3f /home/nealjack/git/signpost/software/kernel/tock/userland/newlib/libc.a(lib_a-printf.o)
 .debug_loc     0x000000000000931a       0xc3 /home/nealjack/git/signpost/software/kernel/tock/userland/newlib/libc.a(lib_a-putchar.o)
 .debug_loc     0x00000000000093dd      0x171 /home/nealjack/git/signpost/software/kernel/tock/userland/newlib/libc.a(lib_a-putc.o)
 .debug_loc     0x000000000000954e      0x13c /home/nealjack/git/signpost/software/kernel/tock/userland/newlib/libc.a(lib_a-puts.o)
 .debug_loc     0x000000000000968a       0x78 /home/nealjack/git/signpost/software/kernel/tock/userland/newlib/libc.a(lib_a-rand.o)
 .debug_loc     0x0000000000009702       0x4d /home/nealjack/git/signpost/software/kernel/tock/userland/newlib/libc.a(lib_a-sbrkr.o)
 .debug_loc     0x000000000000974f       0x21 /home/nealjack/git/signpost/software/kernel/tock/userland/newlib/libc.a(lib_a-strlen.o)
 .debug_loc     0x0000000000009770      0x178 /home/nealjack/git/signpost/software/kernel/tock/userland/newlib/libc.a(lib_a-wbuf.o)
 .debug_loc     0x00000000000098e8       0x5d /home/nealjack/git/signpost/software/kernel/tock/userland/newlib/libc.a(lib_a-wsetup.o)
 .debug_loc     0x0000000000009945      0x25d /home/nealjack/git/signpost/software/kernel/tock/userland/newlib/libc.a(lib_a-fflush.o)
 .debug_loc     0x0000000000009ba2      0x1cc /home/nealjack/git/signpost/software/kernel/tock/userland/newlib/libc.a(lib_a-findfp.o)
 .debug_loc     0x0000000000009d6e      0x11f /home/nealjack/git/signpost/software/kernel/tock/userland/newlib/libc.a(lib_a-fwalk.o)
 .debug_loc     0x0000000000009e8d       0xee /home/nealjack/git/signpost/software/kernel/tock/userland/newlib/libc.a(lib_a-makebuf.o)
 .debug_loc     0x0000000000009f7b      0x507 /home/nealjack/git/signpost/software/kernel/tock/userland/newlib/libc.a(lib_a-nano-vfprintf.o)
 .debug_loc     0x000000000000a482       0xfa /home/nealjack/git/signpost/software/kernel/tock/userland/newlib/libc.a(lib_a-reent.o)
 .debug_loc     0x000000000000a57c      0x283 /home/nealjack/git/signpost/software/kernel/tock/userland/newlib/libc.a(lib_a-stdio.o)
 .debug_loc     0x000000000000a7ff       0xa5 /home/nealjack/git/signpost/software/kernel/tock/userland/newlib/libc.a(lib_a-writer.o)
 .debug_loc     0x000000000000a8a4       0x4d /home/nealjack/git/signpost/software/kernel/tock/userland/newlib/libc.a(lib_a-closer.o)
 .debug_loc     0x000000000000a8f1       0x79 /home/nealjack/git/signpost/software/kernel/tock/userland/newlib/libc.a(lib_a-fstatr.o)
 .debug_loc     0x000000000000a96a      0x563 /home/nealjack/git/signpost/software/kernel/tock/userland/newlib/libc.a(lib_a-fvwrite.o)
 .debug_loc     0x000000000000aecd       0x4d /home/nealjack/git/signpost/software/kernel/tock/userland/newlib/libc.a(lib_a-isattyr.o)
 .debug_loc     0x000000000000af1a       0xa5 /home/nealjack/git/signpost/software/kernel/tock/userland/newlib/libc.a(lib_a-lseekr.o)
 .debug_loc     0x000000000000afbf       0xaa /home/nealjack/git/signpost/software/kernel/tock/userland/newlib/libc.a(lib_a-memchr.o)
 .debug_loc     0x000000000000b069       0xde /home/nealjack/git/signpost/software/kernel/tock/userland/newlib/libc.a(lib_a-memmove.o)
 .debug_loc     0x000000000000b147      0x11b /home/nealjack/git/signpost/software/kernel/tock/userland/newlib/libc.a(lib_a-nano-reallocr.o)
 .debug_loc     0x000000000000b262      0x526 /home/nealjack/git/signpost/software/kernel/tock/userland/newlib/libc.a(lib_a-nano-vfprintf_i.o)
 .debug_loc     0x000000000000b788       0xa5 /home/nealjack/git/signpost/software/kernel/tock/userland/newlib/libc.a(lib_a-readr.o)
 .debug_loc     0x000000000000b82d       0xb5 /home/nealjack/git/signpost/software/kernel/tock/userland/newlib/libc.a(lib_a-nano-msizer.o)
 .debug_loc     0x000000000000b8e2       0x63 /home/nealjack/git/signpost/software/kernel/tock/userland/libtock/build/cortex-m4/libtock.a(crt1.o)
 .debug_loc     0x000000000000b945       0xa2 /home/nealjack/git/signpost/software/kernel/tock/userland/libtock/build/cortex-m4/libtock.a(tock.o)
 .debug_loc     0x000000000000b9e7      0x312 /home/nealjack/git/signpost/software/kernel/tock/userland/libtock/build/cortex-m4/libtock.a(gpio.o)
 .debug_loc     0x000000000000bcf9      0x17e /home/nealjack/git/signpost/software/kernel/tock/userland/libtock/build/cortex-m4/libtock.a(sys.o)
 .debug_loc     0x000000000000be77       0xfd /home/nealjack/git/signpost/software/kernel/tock/userland/libtock/build/cortex-m4/libtock.a(timer.o)
 .debug_loc     0x000000000000bf74      0x2db /home/nealjack/git/signpost/software/kernel/tock/userland/libtock/build/cortex-m4/libtock.a(console.o)
 .debug_loc     0x000000000000c24f      0x26e /home/nealjack/git/signpost/software/kernel/tock/userland/libc++/libgcc.a(_udivmoddi4.o)
 .debug_loc     0x000000000000c4bd       0xdb /home/nealjack/git/signpost/software/kernel/tock/userland/newlib/libc.a(lib_a-strncpy.o)

.debug_aranges  0x0000000000000000      0xc48
 .debug_aranges
                0x0000000000000000       0x28 /home/nealjack/git/signpost/software/apps/mbedtls_ecdh/build/cortex-m4/main.o
 .debug_aranges
                0x0000000000000028       0x68 /home/nealjack/git/signpost/software/apps/mbedtls_ecdh/build/cortex-m4/ecdh.o
 .debug_aranges
                0x0000000000000090      0x168 /home/nealjack/git/signpost/software/apps/mbedtls_ecdh/build/cortex-m4/ecp.o
 .debug_aranges
                0x00000000000001f8       0x60 /home/nealjack/git/signpost/software/apps/mbedtls_ecdh/build/cortex-m4/ecp_curves.o
 .debug_aranges
                0x0000000000000258      0x1a0 /home/nealjack/git/signpost/software/apps/mbedtls_ecdh/build/cortex-m4/bignum.o
 .debug_aranges
                0x00000000000003f8       0x20 /home/nealjack/git/signpost/software/kernel/tock/userland/newlib/libc.a(lib_a-calloc.o)
 .debug_aranges
                0x0000000000000418       0x18 /home/nealjack/git/signpost/software/kernel/tock/userland/newlib/libc.a(lib_a-impure.o)
 .debug_aranges
                0x0000000000000430       0x28 /home/nealjack/git/signpost/software/kernel/tock/userland/newlib/libc.a(lib_a-malloc.o)
 .debug_aranges
                0x0000000000000458       0x20 /home/nealjack/git/signpost/software/kernel/tock/userland/newlib/libc.a(lib_a-memcpy.o)
 .debug_aranges
                0x0000000000000478       0x20 /home/nealjack/git/signpost/software/kernel/tock/userland/newlib/libc.a(lib_a-memset.o)
 .debug_aranges
                0x0000000000000498       0x20 /home/nealjack/git/signpost/software/kernel/tock/userland/newlib/libc.a(lib_a-nano-callocr.o)
 .debug_aranges
                0x00000000000004b8       0x20 /home/nealjack/git/signpost/software/kernel/tock/userland/newlib/libc.a(lib_a-nano-freer.o)
 .debug_aranges
                0x00000000000004d8       0x20 /home/nealjack/git/signpost/software/kernel/tock/userland/newlib/libc.a(lib_a-nano-mallocr.o)
 .debug_aranges
                0x00000000000004f8       0x28 /home/nealjack/git/signpost/software/kernel/tock/userland/newlib/libc.a(lib_a-printf.o)
 .debug_aranges
                0x0000000000000520       0x28 /home/nealjack/git/signpost/software/kernel/tock/userland/newlib/libc.a(lib_a-putchar.o)
 .debug_aranges
                0x0000000000000548       0x28 /home/nealjack/git/signpost/software/kernel/tock/userland/newlib/libc.a(lib_a-putc.o)
 .debug_aranges
                0x0000000000000570       0x28 /home/nealjack/git/signpost/software/kernel/tock/userland/newlib/libc.a(lib_a-puts.o)
 .debug_aranges
                0x0000000000000598       0x28 /home/nealjack/git/signpost/software/kernel/tock/userland/newlib/libc.a(lib_a-rand.o)
 .debug_aranges
                0x00000000000005c0       0x20 /home/nealjack/git/signpost/software/kernel/tock/userland/newlib/libc.a(lib_a-sbrkr.o)
 .debug_aranges
                0x00000000000005e0       0x20 /home/nealjack/git/signpost/software/kernel/tock/userland/newlib/libc.a(lib_a-strcmp.o)
 .debug_aranges
                0x0000000000000600       0x20 /home/nealjack/git/signpost/software/kernel/tock/userland/newlib/libc.a(lib_a-strlen.o)
 .debug_aranges
                0x0000000000000620       0x28 /home/nealjack/git/signpost/software/kernel/tock/userland/newlib/libc.a(lib_a-wbuf.o)
 .debug_aranges
                0x0000000000000648       0x20 /home/nealjack/git/signpost/software/kernel/tock/userland/newlib/libc.a(lib_a-wsetup.o)
 .debug_aranges
                0x0000000000000668       0x30 /home/nealjack/git/signpost/software/kernel/tock/userland/newlib/libc.a(lib_a-fflush.o)
 .debug_aranges
                0x0000000000000698       0x68 /home/nealjack/git/signpost/software/kernel/tock/userland/newlib/libc.a(lib_a-findfp.o)
 .debug_aranges
                0x0000000000000700       0x28 /home/nealjack/git/signpost/software/kernel/tock/userland/newlib/libc.a(lib_a-fwalk.o)
 .debug_aranges
                0x0000000000000728       0x20 /home/nealjack/git/signpost/software/kernel/tock/userland/newlib/libc.a(lib_a-makebuf.o)
 .debug_aranges
                0x0000000000000748       0x40 /home/nealjack/git/signpost/software/kernel/tock/userland/newlib/libc.a(lib_a-nano-vfprintf.o)
 .debug_aranges
                0x0000000000000788       0x28 /home/nealjack/git/signpost/software/kernel/tock/userland/newlib/libc.a(lib_a-reent.o)
 .debug_aranges
                0x00000000000007b0       0x40 /home/nealjack/git/signpost/software/kernel/tock/userland/newlib/libc.a(lib_a-stdio.o)
 .debug_aranges
                0x00000000000007f0       0x20 /home/nealjack/git/signpost/software/kernel/tock/userland/newlib/libc.a(lib_a-writer.o)
 .debug_aranges
                0x0000000000000810       0x20 /home/nealjack/git/signpost/software/kernel/tock/userland/newlib/libc.a(lib_a-closer.o)
 .debug_aranges
                0x0000000000000830       0x20 /home/nealjack/git/signpost/software/kernel/tock/userland/newlib/libc.a(lib_a-fstatr.o)
 .debug_aranges
                0x0000000000000850       0x20 /home/nealjack/git/signpost/software/kernel/tock/userland/newlib/libc.a(lib_a-fvwrite.o)
 .debug_aranges
                0x0000000000000870       0x20 /home/nealjack/git/signpost/software/kernel/tock/userland/newlib/libc.a(lib_a-isattyr.o)
 .debug_aranges
                0x0000000000000890       0x20 /home/nealjack/git/signpost/software/kernel/tock/userland/newlib/libc.a(lib_a-lseekr.o)
 .debug_aranges
                0x00000000000008b0       0x20 /home/nealjack/git/signpost/software/kernel/tock/userland/newlib/libc.a(lib_a-memchr.o)
 .debug_aranges
                0x00000000000008d0       0x20 /home/nealjack/git/signpost/software/kernel/tock/userland/newlib/libc.a(lib_a-memmove.o)
 .debug_aranges
                0x00000000000008f0       0x20 /home/nealjack/git/signpost/software/kernel/tock/userland/newlib/libc.a(lib_a-nano-reallocr.o)
 .debug_aranges
                0x0000000000000910       0x28 /home/nealjack/git/signpost/software/kernel/tock/userland/newlib/libc.a(lib_a-nano-vfprintf_i.o)
 .debug_aranges
                0x0000000000000938       0x20 /home/nealjack/git/signpost/software/kernel/tock/userland/newlib/libc.a(lib_a-readr.o)
 .debug_aranges
                0x0000000000000958       0x20 /home/nealjack/git/signpost/software/kernel/tock/userland/newlib/libc.a(lib_a-nano-msizer.o)
 .debug_aranges
                0x0000000000000978       0x20 /home/nealjack/git/signpost/software/kernel/tock/userland/libtock/build/cortex-m4/libtock.a(crt1.o)
 .debug_aranges
                0x0000000000000998       0x48 /home/nealjack/git/signpost/software/kernel/tock/userland/libtock/build/cortex-m4/libtock.a(tock.o)
 .debug_aranges
                0x00000000000009e0       0x68 /home/nealjack/git/signpost/software/kernel/tock/userland/libtock/build/cortex-m4/libtock.a(gpio.o)
 .debug_aranges
                0x0000000000000a48       0x70 /home/nealjack/git/signpost/software/kernel/tock/userland/libtock/build/cortex-m4/libtock.a(sys.o)
 .debug_aranges
                0x0000000000000ab8       0x50 /home/nealjack/git/signpost/software/kernel/tock/userland/libtock/build/cortex-m4/libtock.a(timer.o)
 .debug_aranges
                0x0000000000000b08       0x40 /home/nealjack/git/signpost/software/kernel/tock/userland/libtock/build/cortex-m4/libtock.a(console.o)
 .debug_aranges
                0x0000000000000b48       0x20 /home/nealjack/git/signpost/software/kernel/tock/userland/libc++/libgcc.a(_aeabi_uldivmod.o)
 .debug_aranges
                0x0000000000000b68       0x20 /home/nealjack/git/signpost/software/kernel/tock/userland/libc++/libgcc.a(_udivmoddi4.o)
 .debug_aranges
                0x0000000000000b88       0x20 /home/nealjack/git/signpost/software/kernel/tock/userland/libc++/libgcc.a(_dvmd_tls.o)
 .debug_aranges
                0x0000000000000ba8       0x20 /home/nealjack/git/signpost/software/kernel/tock/userland/libc++/libgcc.a(_lshrdi3.o)
 .debug_aranges
                0x0000000000000bc8       0x20 /home/nealjack/git/signpost/software/kernel/tock/userland/libc++/libgcc.a(_ashldi3.o)
 .debug_aranges
                0x0000000000000be8       0x20 /home/nealjack/git/signpost/software/kernel/tock/userland/libc++/libgcc.a(_clzdi2.o)
 .debug_aranges
                0x0000000000000c08       0x20 /home/nealjack/git/signpost/software/kernel/tock/userland/libc++/libgcc.a(_clzsi2.o)
 .debug_aranges
                0x0000000000000c28       0x20 /home/nealjack/git/signpost/software/kernel/tock/userland/newlib/libc.a(lib_a-strncpy.o)

.debug_ranges   0x0000000000000000      0xb88
 .debug_ranges  0x0000000000000000       0x18 /home/nealjack/git/signpost/software/apps/mbedtls_ecdh/build/cortex-m4/main.o
 .debug_ranges  0x0000000000000018       0x58 /home/nealjack/git/signpost/software/apps/mbedtls_ecdh/build/cortex-m4/ecdh.o
 .debug_ranges  0x0000000000000070      0x230 /home/nealjack/git/signpost/software/apps/mbedtls_ecdh/build/cortex-m4/ecp.o
 .debug_ranges  0x00000000000002a0      0x190 /home/nealjack/git/signpost/software/apps/mbedtls_ecdh/build/cortex-m4/ecp_curves.o
 .debug_ranges  0x0000000000000430      0x1b0 /home/nealjack/git/signpost/software/apps/mbedtls_ecdh/build/cortex-m4/bignum.o
 .debug_ranges  0x00000000000005e0       0x10 /home/nealjack/git/signpost/software/kernel/tock/userland/newlib/libc.a(lib_a-calloc.o)
 .debug_ranges  0x00000000000005f0       0x18 /home/nealjack/git/signpost/software/kernel/tock/userland/newlib/libc.a(lib_a-malloc.o)
 .debug_ranges  0x0000000000000608       0x10 /home/nealjack/git/signpost/software/kernel/tock/userland/newlib/libc.a(lib_a-memcpy.o)
 .debug_ranges  0x0000000000000618       0x10 /home/nealjack/git/signpost/software/kernel/tock/userland/newlib/libc.a(lib_a-memset.o)
 .debug_ranges  0x0000000000000628       0x10 /home/nealjack/git/signpost/software/kernel/tock/userland/newlib/libc.a(lib_a-nano-callocr.o)
 .debug_ranges  0x0000000000000638       0x10 /home/nealjack/git/signpost/software/kernel/tock/userland/newlib/libc.a(lib_a-nano-freer.o)
 .debug_ranges  0x0000000000000648       0x28 /home/nealjack/git/signpost/software/kernel/tock/userland/newlib/libc.a(lib_a-nano-mallocr.o)
 .debug_ranges  0x0000000000000670       0x18 /home/nealjack/git/signpost/software/kernel/tock/userland/newlib/libc.a(lib_a-printf.o)
 .debug_ranges  0x0000000000000688       0x18 /home/nealjack/git/signpost/software/kernel/tock/userland/newlib/libc.a(lib_a-putchar.o)
 .debug_ranges  0x00000000000006a0       0x18 /home/nealjack/git/signpost/software/kernel/tock/userland/newlib/libc.a(lib_a-putc.o)
 .debug_ranges  0x00000000000006b8       0x18 /home/nealjack/git/signpost/software/kernel/tock/userland/newlib/libc.a(lib_a-puts.o)
 .debug_ranges  0x00000000000006d0       0x60 /home/nealjack/git/signpost/software/kernel/tock/userland/newlib/libc.a(lib_a-rand.o)
 .debug_ranges  0x0000000000000730       0x10 /home/nealjack/git/signpost/software/kernel/tock/userland/newlib/libc.a(lib_a-sbrkr.o)
 .debug_ranges  0x0000000000000740       0x10 /home/nealjack/git/signpost/software/kernel/tock/userland/newlib/libc.a(lib_a-strlen.o)
 .debug_ranges  0x0000000000000750       0x18 /home/nealjack/git/signpost/software/kernel/tock/userland/newlib/libc.a(lib_a-wbuf.o)
 .debug_ranges  0x0000000000000768       0x28 /home/nealjack/git/signpost/software/kernel/tock/userland/newlib/libc.a(lib_a-wsetup.o)
 .debug_ranges  0x0000000000000790       0x20 /home/nealjack/git/signpost/software/kernel/tock/userland/newlib/libc.a(lib_a-fflush.o)
 .debug_ranges  0x00000000000007b0       0x58 /home/nealjack/git/signpost/software/kernel/tock/userland/newlib/libc.a(lib_a-findfp.o)
 .debug_ranges  0x0000000000000808       0x18 /home/nealjack/git/signpost/software/kernel/tock/userland/newlib/libc.a(lib_a-fwalk.o)
 .debug_ranges  0x0000000000000820       0x10 /home/nealjack/git/signpost/software/kernel/tock/userland/newlib/libc.a(lib_a-makebuf.o)
 .debug_ranges  0x0000000000000830       0x30 /home/nealjack/git/signpost/software/kernel/tock/userland/newlib/libc.a(lib_a-nano-vfprintf.o)
 .debug_ranges  0x0000000000000860       0x18 /home/nealjack/git/signpost/software/kernel/tock/userland/newlib/libc.a(lib_a-reent.o)
 .debug_ranges  0x0000000000000878       0x30 /home/nealjack/git/signpost/software/kernel/tock/userland/newlib/libc.a(lib_a-stdio.o)
 .debug_ranges  0x00000000000008a8       0x10 /home/nealjack/git/signpost/software/kernel/tock/userland/newlib/libc.a(lib_a-writer.o)